Archive member included to satisfy reference by file (symbol)

c:/program files (x86)/atmel/studio/7.0/toolchain/arm/arm-gnu-toolchain/bin/../lib/gcc/arm-none-eabi/5.3.1/../../../../arm-none-eabi/lib/armv7e-m\libc_nano.a(lib_a-exit.o)
                              c:/program files (x86)/atmel/studio/7.0/toolchain/arm/arm-gnu-toolchain/bin/../lib/gcc/arm-none-eabi/5.3.1/../../../../arm-none-eabi/lib/armv7e-m/crt0.o (exit)
c:/program files (x86)/atmel/studio/7.0/toolchain/arm/arm-gnu-toolchain/bin/../lib/gcc/arm-none-eabi/5.3.1/../../../../arm-none-eabi/lib/armv7e-m\libc_nano.a(lib_a-impure.o)
                              c:/program files (x86)/atmel/studio/7.0/toolchain/arm/arm-gnu-toolchain/bin/../lib/gcc/arm-none-eabi/5.3.1/../../../../arm-none-eabi/lib/armv7e-m\libc_nano.a(lib_a-exit.o) (_global_impure_ptr)
c:/program files (x86)/atmel/studio/7.0/toolchain/arm/arm-gnu-toolchain/bin/../lib/gcc/arm-none-eabi/5.3.1/../../../../arm-none-eabi/lib/armv7e-m\libc_nano.a(lib_a-init.o)
                              c:/program files (x86)/atmel/studio/7.0/toolchain/arm/arm-gnu-toolchain/bin/../lib/gcc/arm-none-eabi/5.3.1/../../../../arm-none-eabi/lib/armv7e-m/crt0.o (__libc_init_array)
c:/program files (x86)/atmel/studio/7.0/toolchain/arm/arm-gnu-toolchain/bin/../lib/gcc/arm-none-eabi/5.3.1/../../../../arm-none-eabi/lib/armv7e-m\libc_nano.a(lib_a-malloc.o)
                              src/main.o (malloc)
c:/program files (x86)/atmel/studio/7.0/toolchain/arm/arm-gnu-toolchain/bin/../lib/gcc/arm-none-eabi/5.3.1/../../../../arm-none-eabi/lib/armv7e-m\libc_nano.a(lib_a-memcpy-stub.o)
                              src/ASF/sam/services/flash_efc/flash_efc.o (memcpy)
c:/program files (x86)/atmel/studio/7.0/toolchain/arm/arm-gnu-toolchain/bin/../lib/gcc/arm-none-eabi/5.3.1/../../../../arm-none-eabi/lib/armv7e-m\libc_nano.a(lib_a-memset.o)
                              c:/program files (x86)/atmel/studio/7.0/toolchain/arm/arm-gnu-toolchain/bin/../lib/gcc/arm-none-eabi/5.3.1/../../../../arm-none-eabi/lib/armv7e-m/crt0.o (memset)
c:/program files (x86)/atmel/studio/7.0/toolchain/arm/arm-gnu-toolchain/bin/../lib/gcc/arm-none-eabi/5.3.1/../../../../arm-none-eabi/lib/armv7e-m\libc_nano.a(lib_a-nano-freer.o)
                              c:/program files (x86)/atmel/studio/7.0/toolchain/arm/arm-gnu-toolchain/bin/../lib/gcc/arm-none-eabi/5.3.1/../../../../arm-none-eabi/lib/armv7e-m\libc_nano.a(lib_a-malloc.o) (_free_r)
c:/program files (x86)/atmel/studio/7.0/toolchain/arm/arm-gnu-toolchain/bin/../lib/gcc/arm-none-eabi/5.3.1/../../../../arm-none-eabi/lib/armv7e-m\libc_nano.a(lib_a-nano-mallocr.o)
                              c:/program files (x86)/atmel/studio/7.0/toolchain/arm/arm-gnu-toolchain/bin/../lib/gcc/arm-none-eabi/5.3.1/../../../../arm-none-eabi/lib/armv7e-m\libc_nano.a(lib_a-malloc.o) (_malloc_r)
c:/program files (x86)/atmel/studio/7.0/toolchain/arm/arm-gnu-toolchain/bin/../lib/gcc/arm-none-eabi/5.3.1/../../../../arm-none-eabi/lib/armv7e-m\libc_nano.a(lib_a-printf.o)
                              src/ASF/sam/utils/syscalls/gcc/syscalls.o (iprintf)
c:/program files (x86)/atmel/studio/7.0/toolchain/arm/arm-gnu-toolchain/bin/../lib/gcc/arm-none-eabi/5.3.1/../../../../arm-none-eabi/lib/armv7e-m\libc_nano.a(lib_a-sbrkr.o)
                              c:/program files (x86)/atmel/studio/7.0/toolchain/arm/arm-gnu-toolchain/bin/../lib/gcc/arm-none-eabi/5.3.1/../../../../arm-none-eabi/lib/armv7e-m\libc_nano.a(lib_a-nano-mallocr.o) (_sbrk_r)
c:/program files (x86)/atmel/studio/7.0/toolchain/arm/arm-gnu-toolchain/bin/../lib/gcc/arm-none-eabi/5.3.1/../../../../arm-none-eabi/lib/armv7e-m\libc_nano.a(lib_a-findfp.o)
                              c:/program files (x86)/atmel/studio/7.0/toolchain/arm/arm-gnu-toolchain/bin/../lib/gcc/arm-none-eabi/5.3.1/../../../../arm-none-eabi/lib/armv7e-m\libc_nano.a(lib_a-printf.o) (__sinit)
c:/program files (x86)/atmel/studio/7.0/toolchain/arm/arm-gnu-toolchain/bin/../lib/gcc/arm-none-eabi/5.3.1/../../../../arm-none-eabi/lib/armv7e-m\libc_nano.a(lib_a-fwalk.o)
                              c:/program files (x86)/atmel/studio/7.0/toolchain/arm/arm-gnu-toolchain/bin/../lib/gcc/arm-none-eabi/5.3.1/../../../../arm-none-eabi/lib/armv7e-m\libc_nano.a(lib_a-findfp.o) (_fwalk)
c:/program files (x86)/atmel/studio/7.0/toolchain/arm/arm-gnu-toolchain/bin/../lib/gcc/arm-none-eabi/5.3.1/../../../../arm-none-eabi/lib/armv7e-m\libc_nano.a(lib_a-nano-vfprintf.o)
                              c:/program files (x86)/atmel/studio/7.0/toolchain/arm/arm-gnu-toolchain/bin/../lib/gcc/arm-none-eabi/5.3.1/../../../../arm-none-eabi/lib/armv7e-m\libc_nano.a(lib_a-printf.o) (_vfprintf_r)
c:/program files (x86)/atmel/studio/7.0/toolchain/arm/arm-gnu-toolchain/bin/../lib/gcc/arm-none-eabi/5.3.1/../../../../arm-none-eabi/lib/armv7e-m\libc_nano.a(lib_a-nano-vfprintf_i.o)
[...]
Memory Configuration

Name             Origin             Length             Attributes
rom              0x00400000         0x00020000         xr
ram              0x20000000         0x00010000         xrw
*default*        0x00000000         0xffffffff

Linker script and memory map

LOAD c:/program files (x86)/atmel/studio/7.0/toolchain/arm/arm-gnu-toolchain/bin/../lib/gcc/arm-none-eabi/5.3.1/armv7e-m/crti.o
LOAD c:/program files (x86)/atmel/studio/7.0/toolchain/arm/arm-gnu-toolchain/bin/../lib/gcc/arm-none-eabi/5.3.1/armv7e-m/crtbegin.o
LOAD c:/program files (x86)/atmel/studio/7.0/toolchain/arm/arm-gnu-toolchain/bin/../lib/gcc/arm-none-eabi/5.3.1/../../../../arm-none-eabi/lib/armv7e-m/crt0.o
LOAD src/ASF/common/services/sleepmgr/sam/sleepmgr.o
LOAD src/ASF/common/services/usb/class/vendor/device/udi_vendor.o
LOAD src/ASF/common/services/usb/udc/udc.o
LOAD src/ASF/sam/drivers/efc/efc.o
LOAD src/ASF/sam/drivers/pio/pio_handler.o
LOAD src/ASF/sam/drivers/spi/spi.o
LOAD src/ASF/sam/drivers/udp/udp_device.o
LOAD src/ASF/sam/drivers/wdt/wdt.o
LOAD src/ASF/sam/services/flash_efc/flash_efc.o
LOAD src/ASF/common/services/usb/class/vendor/device/udi_vendor_desc.o
LOAD src/ASF/common/services/clock/sam4s/sysclk.o
LOAD src/ASF/sam/drivers/dacc/dacc.o
LOAD src/ASF/sam/drivers/matrix/matrix.o
LOAD src/ASF/sam/drivers/pio/pio.o
LOAD src/ASF/sam/drivers/pmc/pmc.o
LOAD src/ASF/sam/drivers/pmc/sleep.o
LOAD src/ASF/common/boards/user_board/init.o
LOAD src/ASF/common/utils/interrupt/interrupt_sam_nvic.o
LOAD src/ASF/sam/utils/cmsis/sam4s/source/templates/gcc/startup_sam4s.o
LOAD src/ASF/sam/utils/cmsis/sam4s/source/templates/system_sam4s.o
LOAD src/ASF/sam/utils/syscalls/gcc/syscalls.o
LOAD src/main.o
START GROUP
LOAD ../src/ASF/thirdparty/CMSIS/Lib/GCC\libarm_cortexM4l_math.a
LOAD c:/program files (x86)/atmel/studio/7.0/toolchain/arm/arm-gnu-toolchain/bin/../lib/gcc/arm-none-eabi/5.3.1/../../../../arm-none-eabi/lib/armv7e-m\libm.a
END GROUP
                0x00001000                __stack_size__ = 0x1000
START GROUP
LOAD c:/program files (x86)/atmel/studio/7.0/toolchain/arm/arm-gnu-toolchain/bin/../lib/gcc/arm-none-eabi/5.3.1/armv7e-m\libgcc.a
LOAD c:/program files (x86)/atmel/studio/7.0/toolchain/arm/arm-gnu-toolchain/bin/../lib/gcc/arm-none-eabi/5.3.1/../../../../arm-none-eabi/lib/armv7e-m\libc_nano.a
END GROUP
START GROUP
LOAD c:/program files (x86)/atmel/studio/7.0/toolchain/arm/arm-gnu-toolchain/bin/../lib/gcc/arm-none-eabi/5.3.1/armv7e-m\libgcc.a
LOAD c:/program files (x86)/atmel/studio/7.0/toolchain/arm/arm-gnu-toolchain/bin/../lib/gcc/arm-none-eabi/5.3.1/../../../../arm-none-eabi/lib/armv7e-m\libc_nano.a
END GROUP
LOAD c:/program files (x86)/atmel/studio/7.0/toolchain/arm/arm-gnu-toolchain/bin/../lib/gcc/arm-none-eabi/5.3.1/armv7e-m/crtend.o
LOAD c:/program files (x86)/atmel/studio/7.0/toolchain/arm/arm-gnu-toolchain/bin/../lib/gcc/arm-none-eabi/5.3.1/armv7e-m/crtn.o
                0x00003000                __stack_size__ = DEFINED (__stack_size__)?__stack_size__:0x3000
                0x2000fffc                __ram_end__ = ((ORIGIN (ram) + LENGTH (ram)) - 0x4)

.text           0x00400000     0x3280
                0x00400000                . = ALIGN (0x4)
                0x00400000                _sfixed = .
 *(.vectors .vectors.*)
 .vectors       0x00400000       0xcc src/ASF/sam/utils/cmsis/sam4s/source/templates/gcc/startup_sam4s.o
                0x00400000                exception_table
 *(.text .text.* .gnu.linkonce.t.*)
 .text          0x004000cc       0x5c c:/program files (x86)/atmel/studio/7.0/toolchain/arm/arm-gnu-toolchain/bin/../lib/gcc/arm-none-eabi/5.3.1/armv7e-m/crtbegin.o
 .text.udi_vendor_setup
                0x00400128        0x4 src/ASF/common/services/usb/class/vendor/device/udi_vendor.o
                0x00400128                udi_vendor_setup
 .text.udi_vendor_getsetting
                0x0040012c        0xc src/ASF/common/services/usb/class/vendor/device/udi_vendor.o
                0x0040012c                udi_vendor_getsetting
 .text.udi_vendor_disable
                0x00400138       0x18 src/ASF/common/services/usb/class/vendor/device/udi_vendor.o
                0x00400138                udi_vendor_disable
 .text.udi_vendor_enable
                0x00400150       0x2c src/ASF/common/services/usb/class/vendor/device/udi_vendor.o
                0x00400150                udi_vendor_enable
 .text.udi_vendor_interrupt_in_run
                0x0040017c       0x18 src/ASF/common/services/usb/class/vendor/device/udi_vendor.o
                0x0040017c                udi_vendor_interrupt_in_run
 .text.udi_vendor_interrupt_out_run
                0x00400194       0x18 src/ASF/common/services/usb/class/vendor/device/udi_vendor.o
                0x00400194                udi_vendor_interrupt_out_run
 .text.udi_vendor_bulk_out_run
                0x004001ac       0x18 src/ASF/common/services/usb/class/vendor/device/udi_vendor.o
                0x004001ac                udi_vendor_bulk_out_run
 .text.udc_valid_address
                0x004001c4       0x14 src/ASF/common/services/usb/udc/udc.o
 .text.udc_update_iface_desc
                0x004001d8       0x5c src/ASF/common/services/usb/udc/udc.o
 .text.udc_next_desc_in_iface.constprop.3
                0x00400234       0x28 src/ASF/common/services/usb/udc/udc.o
 .text.udc_iface_enable
                0x0040025c       0x58 src/ASF/common/services/usb/udc/udc.o
 .text.udc_iface_disable
                0x004002b4       0x64 src/ASF/common/services/usb/udc/udc.o
 .text.udc_get_interface_desc
                0x00400318        0xc src/ASF/common/services/usb/udc/udc.o
                0x00400318                udc_get_interface_desc
 .text.udc_start
                0x00400324        0x8 src/ASF/common/services/usb/udc/udc.o
                0x00400324                udc_start
 .text.udc_reset
                0x0040032c       0x40 src/ASF/common/services/usb/udc/udc.o
                0x0040032c                udc_reset
 .text.udc_sof_notify
                0x0040036c       0x34 src/ASF/common/services/usb/udc/udc.o
                0x0040036c                udc_sof_notify
 .text.udc_process_setup
                0x004003a0      0x39c src/ASF/common/services/usb/udc/udc.o
                0x004003a0                udc_process_setup
 .text.efc_get_result
                0x0040073c        0x4 src/ASF/sam/drivers/efc/efc.o
                0x0040073c                efc_get_result
 .text.efc_perform_command
                0x00400740       0x4c src/ASF/sam/drivers/efc/efc.o
                0x00400740                efc_perform_command
 .text.pio_handler_process
                0x0040078c       0x80 src/ASF/sam/drivers/pio/pio_handler.o
                0x0040078c                pio_handler_process
 .text.PIOA_Handler
                0x0040080c       0x10 src/ASF/sam/drivers/pio/pio_handler.o
                0x0040080c                PIOA_Handler
 .text.PIOB_Handler
                0x0040081c       0x10 src/ASF/sam/drivers/pio/pio_handler.o
                0x0040081c                PIOB_Handler
 .text.spi_enable_clock
                0x0040082c        0xc src/ASF/sam/drivers/spi/spi.o
                0x0040082c                spi_enable_clock
 .text.spi_set_peripheral_chip_select_value
                0x00400838       0x16 src/ASF/sam/drivers/spi/spi.o
                0x00400838                spi_set_peripheral_chip_select_value
 .text.spi_set_delay_between_chip_select
                0x0040084e       0x12 src/ASF/sam/drivers/spi/spi.o
                0x0040084e                spi_set_delay_between_chip_select
 .text.spi_write
                0x00400860       0x2e src/ASF/sam/drivers/spi/spi.o
                0x00400860                spi_write
 .text.spi_set_clock_polarity
                0x0040088e       0x16 src/ASF/sam/drivers/spi/spi.o
                0x0040088e                spi_set_clock_polarity
 .text.spi_set_clock_phase
                0x004008a4       0x16 src/ASF/sam/drivers/spi/spi.o
                0x004008a4                spi_set_clock_phase
 .text.spi_configure_cs_behavior
                0x004008ba       0x40 src/ASF/sam/drivers/spi/spi.o
                0x004008ba                spi_configure_cs_behavior
 .text.spi_set_bits_per_transfer
                0x004008fa       0x14 src/ASF/sam/drivers/spi/spi.o
                0x004008fa                spi_set_bits_per_transfer
 .text.spi_set_baudrate_div
                0x0040090e       0x16 src/ASF/sam/drivers/spi/spi.o
                0x0040090e                spi_set_baudrate_div
 .text.spi_set_transfer_delay
                0x00400924       0x1a src/ASF/sam/drivers/spi/spi.o
                0x00400924                spi_set_transfer_delay
 *fill*         0x0040093e        0x2 
 .text.cpu_irq_save
                0x00400940       0x1c src/ASF/sam/drivers/udp/udp_device.o
 .text.udd_ctrl_init
                0x0040095c       0x18 src/ASF/sam/drivers/udp/udp_device.o
 .text.udd_ctrl_stall_data
                0x00400974       0x40 src/ASF/sam/drivers/udp/udp_device.o
 .text.udd_ctrl_send_zlp_in
                0x004009b4       0x40 src/ASF/sam/drivers/udp/udp_device.o
 .text.udd_ctrl_endofrequest
                0x004009f4       0x10 src/ASF/sam/drivers/udp/udp_device.o
 .text.udd_ep_ack_out_received
                0x00400a04       0xd0 src/ASF/sam/drivers/udp/udp_device.o
 .text.udd_ep_in_sent
                0x00400ad4      0x194 src/ASF/sam/drivers/udp/udp_device.o
 .text.cpu_irq_restore
                0x00400c68       0x14 src/ASF/sam/drivers/udp/udp_device.o
 .text.sleepmgr_lock_mode
                0x00400c7c       0x2c src/ASF/sam/drivers/udp/udp_device.o
 .text.sleepmgr_unlock_mode
                0x00400ca8       0x2c src/ASF/sam/drivers/udp/udp_device.o
 .text.udd_sleep_mode
                0x00400cd4       0x2c src/ASF/sam/drivers/udp/udp_device.o
 .text.udd_ctrl_in_sent
                0x00400d00      0x1a8 src/ASF/sam/drivers/udp/udp_device.o
 .text.udd_ep_finish_job
                0x00400ea8       0x40 src/ASF/sam/drivers/udp/udp_device.o
 .text.UDP_Handler
                0x00400ee8      0x8dc src/ASF/sam/drivers/udp/udp_device.o
                0x00400ee8                UDP_Handler
 .text.udd_attach
                0x004017c4       0x64 src/ASF/sam/drivers/udp/udp_device.o
                0x004017c4                udd_attach
 .text.udd_enable
                0x00401828       0x84 src/ASF/sam/drivers/udp/udp_device.o
                0x00401828                udd_enable
 .text.udd_set_address
                0x004018ac       0x38 src/ASF/sam/drivers/udp/udp_device.o
                0x004018ac                udd_set_address
 .text.udd_getaddress
                0x004018e4       0x18 src/ASF/sam/drivers/udp/udp_device.o
                0x004018e4                udd_getaddress
 .text.udd_set_setup_payload
                0x004018fc        0xc src/ASF/sam/drivers/udp/udp_device.o
                0x004018fc                udd_set_setup_payload
 .text.udd_ep_alloc
                0x00401908       0xe8 src/ASF/sam/drivers/udp/udp_device.o
                0x00401908                udd_ep_alloc
 .text.udd_ep_free
                0x004019f0       0x5c src/ASF/sam/drivers/udp/udp_device.o
                0x004019f0                udd_ep_free
 .text.udd_ep_is_halted
                0x00401a4c       0x40 src/ASF/sam/drivers/udp/udp_device.o
                0x00401a4c                udd_ep_is_halted
 .text.udd_ep_set_halt
                0x00401a8c       0xa8 src/ASF/sam/drivers/udp/udp_device.o
                0x00401a8c                udd_ep_set_halt
 .text.udd_ep_clear_halt
                0x00401b34       0xc4 src/ASF/sam/drivers/udp/udp_device.o
                0x00401b34                udd_ep_clear_halt
 .text.udd_ep_run
                0x00401bf8      0x108 src/ASF/sam/drivers/udp/udp_device.o
                0x00401bf8                udd_ep_run
 .text.udd_ep_abort
                0x00401d00      0x160 src/ASF/sam/drivers/udp/udp_device.o
                0x00401d00                udd_ep_abort
 .text.wdt_init
                0x00401e60       0x18 src/ASF/sam/drivers/wdt/wdt.o
                0x00401e60                wdt_init
 .text.wdt_disable
                0x00401e78        0x8 src/ASF/sam/drivers/wdt/wdt.o
                0x00401e78                wdt_disable
 .text.flash_is_gpnvm_set
                0x00401e80       0x3c src/ASF/sam/services/flash_efc/flash_efc.o
                0x00401e80                flash_is_gpnvm_set
 .text.flash_clear_gpnvm
                0x00401ebc       0x34 src/ASF/sam/services/flash_efc/flash_efc.o
                0x00401ebc                flash_clear_gpnvm
 .text.osc_enable
                0x00401ef0       0x48 src/ASF/common/services/clock/sam4s/sysclk.o
 .text.osc_wait_ready.constprop.4
                0x00401f38       0x10 src/ASF/common/services/clock/sam4s/sysclk.o
 .text.sysclk_enable_usb
                0x00401f48       0x4c src/ASF/common/services/clock/sam4s/sysclk.o
                0x00401f48                sysclk_enable_usb
 .text.sysclk_init
                0x00401f94       0x64 src/ASF/common/services/clock/sam4s/sysclk.o
                0x00401f94                sysclk_init
 .text.dacc_reset
                0x00401ff8        0x6 src/ASF/sam/drivers/dacc/dacc.o
                0x00401ff8                dacc_reset
 .text.dacc_set_transfer_mode
                0x00401ffe       0x1c src/ASF/sam/drivers/dacc/dacc.o
                0x00401ffe                dacc_set_transfer_mode
 .text.dacc_get_interrupt_status
                0x0040201a        0x4 src/ASF/sam/drivers/dacc/dacc.o
                0x0040201a                dacc_get_interrupt_status
 .text.dacc_write_conversion_data
                0x0040201e        0x4 src/ASF/sam/drivers/dacc/dacc.o
                0x0040201e                dacc_write_conversion_data
 .text.dacc_set_channel_selection
                0x00402022       0x18 src/ASF/sam/drivers/dacc/dacc.o
                0x00402022                dacc_set_channel_selection
 .text.dacc_enable_channel
                0x0040203a       0x12 src/ASF/sam/drivers/dacc/dacc.o
                0x0040203a                dacc_enable_channel
 .text.pio_set_peripheral
                0x0040204c       0x7c src/ASF/sam/drivers/pio/pio.o
                0x0040204c                pio_set_peripheral
 .text.pio_set_input
                0x004020c8       0x2c src/ASF/sam/drivers/pio/pio.o
                0x004020c8                pio_set_input
 .text.pio_set_output
                0x004020f4       0x24 src/ASF/sam/drivers/pio/pio.o
                0x004020f4                pio_set_output
 .text.pio_get_interrupt_status
                0x00402118        0x4 src/ASF/sam/drivers/pio/pio.o
                0x00402118                pio_get_interrupt_status
 .text.pio_get_interrupt_mask
                0x0040211c        0x4 src/ASF/sam/drivers/pio/pio.o
                0x0040211c                pio_get_interrupt_mask
 .text.pio_configure_pin
                0x00402120       0xb4 src/ASF/sam/drivers/pio/pio.o
                0x00402120                pio_configure_pin
 .text.pmc_switch_mck_to_pllack
                0x004021d4       0x44 src/ASF/sam/drivers/pmc/pmc.o
                0x004021d4                pmc_switch_mck_to_pllack
 .text.pmc_switch_sclk_to_32kxtal
                0x00402218       0x20 src/ASF/sam/drivers/pmc/pmc.o
                0x00402218                pmc_switch_sclk_to_32kxtal
 .text.pmc_switch_mainck_to_fastrc
                0x00402238       0x48 src/ASF/sam/drivers/pmc/pmc.o
                0x00402238                pmc_switch_mainck_to_fastrc
 .text.pmc_switch_mainck_to_xtal
                0x00402280       0x50 src/ASF/sam/drivers/pmc/pmc.o
                0x00402280                pmc_switch_mainck_to_xtal
 .text.pmc_osc_is_ready_mainck
                0x004022d0       0x10 src/ASF/sam/drivers/pmc/pmc.o
                0x004022d0                pmc_osc_is_ready_mainck
 .text.pmc_disable_pllack
                0x004022e0       0x10 src/ASF/sam/drivers/pmc/pmc.o
                0x004022e0                pmc_disable_pllack
 .text.pmc_is_locked_pllack
                0x004022f0       0x10 src/ASF/sam/drivers/pmc/pmc.o
                0x004022f0                pmc_is_locked_pllack
 .text.pmc_disable_pllbck
                0x00402300        0xc src/ASF/sam/drivers/pmc/pmc.o
                0x00402300                pmc_disable_pllbck
 .text.pmc_is_locked_pllbck
                0x0040230c       0x10 src/ASF/sam/drivers/pmc/pmc.o
                0x0040230c                pmc_is_locked_pllbck
 .text.pmc_enable_periph_clk
                0x0040231c       0x40 src/ASF/sam/drivers/pmc/pmc.o
                0x0040231c                pmc_enable_periph_clk
 .text.pmc_disable_periph_clk
                0x0040235c       0x40 src/ASF/sam/drivers/pmc/pmc.o
                0x0040235c                pmc_disable_periph_clk
 .text.pmc_disable_all_periph_clk
                0x0040239c       0x28 src/ASF/sam/drivers/pmc/pmc.o
                0x0040239c                pmc_disable_all_periph_clk
 .text.pmc_switch_udpck_to_pllbck
                0x004023c4       0x14 src/ASF/sam/drivers/pmc/pmc.o
                0x004023c4                pmc_switch_udpck_to_pllbck
 .text.pmc_enable_udpck
                0x004023d8        0xc src/ASF/sam/drivers/pmc/pmc.o
                0x004023d8                pmc_enable_udpck
 .text.pmc_set_fast_startup_input
                0x004023e4       0x14 src/ASF/sam/drivers/pmc/pmc.o
                0x004023e4                pmc_set_fast_startup_input
 .text.pmc_set_flash_in_wait_mode
                0x004023f8        0xc src/ASF/sam/drivers/pmc/pmc.o
                0x004023f8                pmc_set_flash_in_wait_mode
 .text.pmc_enable_waitmode
                0x00402404       0x4c src/ASF/sam/drivers/pmc/pmc.o
                0x00402404                pmc_enable_waitmode
 .text.pmc_sleep
                0x00402450      0x248 src/ASF/sam/drivers/pmc/sleep.o
                0x00402450                pmc_sleep
 .text.pmc_is_wakeup_clocks_restored
                0x00402698       0x10 src/ASF/sam/drivers/pmc/sleep.o
                0x00402698                pmc_is_wakeup_clocks_restored
 .text.cpu_irq_enter_critical
                0x004026a8       0x30 src/ASF/common/utils/interrupt/interrupt_sam_nvic.o
                0x004026a8                cpu_irq_enter_critical
 .text.cpu_irq_leave_critical
                0x004026d8       0x2c src/ASF/common/utils/interrupt/interrupt_sam_nvic.o
                0x004026d8                cpu_irq_leave_critical
 .text.Dummy_Handler
                0x00402704        0x2 src/ASF/sam/utils/cmsis/sam4s/source/templates/gcc/startup_sam4s.o
                0x00402704                DACC_Handler
                0x00402704                DebugMon_Handler
                0x00402704                HardFault_Handler
                0x00402704                TC2_Handler
                0x00402704                SPI_Handler
                0x00402704                TWI1_Handler
                0x00402704                PendSV_Handler
                0x00402704                NMI_Handler
                0x00402704                ADC_Handler
                0x00402704                CRCCU_Handler
                0x00402704                USART0_Handler
                0x00402704                RTT_Handler
                0x00402704                RTC_Handler
                0x00402704                UsageFault_Handler
                0x00402704                WDT_Handler
                0x00402704                TC1_Handler
                0x00402704                HSMCI_Handler
                0x00402704                UART1_Handler
                0x00402704                Dummy_Handler
                0x00402704                TWI0_Handler
                0x00402704                USART1_Handler
                0x00402704                SSC_Handler
                0x00402704                EFC0_Handler
                0x00402704                ACC_Handler
                0x00402704                PMC_Handler
                0x00402704                PWM_Handler
                0x00402704                MemManage_Handler
                0x00402704                SUPC_Handler
                0x00402704                SVC_Handler
                0x00402704                UART0_Handler
                0x00402704                BusFault_Handler
                0x00402704                RSTC_Handler
                0x00402704                TC0_Handler
 *fill*         0x00402706        0x2 
 .text.Reset_Handler
                0x00402708       0x7c src/ASF/sam/utils/cmsis/sam4s/source/templates/gcc/startup_sam4s.o
                0x00402708                Reset_Handler
 .text.SystemCoreClockUpdate
                0x00402784       0xcc src/ASF/sam/utils/cmsis/sam4s/source/templates/system_sam4s.o
                0x00402784                SystemCoreClockUpdate
 .text.system_init_flash
                0x00402850       0x54 src/ASF/sam/utils/cmsis/sam4s/source/templates/system_sam4s.o
                0x00402850                system_init_flash
 .text._sbrk    0x004028a4       0x2c src/ASF/sam/utils/syscalls/gcc/syscalls.o
                0x004028a4                _sbrk
 .text.sleepmgr_unlock_mode
                0x004028d0       0x38 src/main.o
 .text.sleepmgr_lock_mode
                0x00402908       0x38 src/main.o
 .text.stop     0x00402940       0xe4 src/main.o
                0x00402940                stop
 .text.speed_set
                0x00402a24       0x44 src/main.o
                0x00402a24                speed_set
 .text.usb_bulk_out_callback
                0x00402a68       0xc4 src/main.o
                0x00402a68                usb_bulk_out_callback
 .text.callback_vendor_enable
                0x00402b2c       0x3c src/main.o
                0x00402b2c                callback_vendor_enable
 .text.callback_vendor_disable
                0x00402b68       0x24 src/main.o
                0x00402b68                callback_vendor_disable
 .text.shutter_set
                0x00402b8c       0x14 src/main.o
                0x00402b8c                shutter_set
 .text.usb_interrupt_out_callback
                0x00402ba0       0xc0 src/main.o
                0x00402ba0                usb_interrupt_out_callback
 .text.statusled_set
                0x00402c60       0x14 src/main.o
                0x00402c60                statusled_set
 .text.point_output
                0x00402c74       0xcc src/main.o
                0x00402c74                point_output
 .text.SysTick_Handler
                0x00402d40       0xa8 src/main.o
                0x00402d40                SysTick_Handler
 .text.iopins_init
                0x00402de8       0x28 src/main.o
                0x00402de8                iopins_init
 .text.spi_init
                0x00402e10       0xcc src/main.o
                0x00402e10                spi_init
 .text.dac_init
                0x00402edc       0x40 src/main.o
                0x00402edc                dac_init
 .text.startup.main
                0x00402f1c      0x110 src/main.o
                0x00402f1c                main
 .text.msft_string_handle
                0x0040302c       0x5c src/main.o
                0x0040302c                msft_string_handle
 .text.usb_device_specific_request
                0x00403088       0x48 src/main.o
                0x00403088                usb_device_specific_request
 .text.__libc_init_array
                0x004030d0       0x4c c:/program files (x86)/atmel/studio/7.0/toolchain/arm/arm-gnu-toolchain/bin/../lib/gcc/arm-none-eabi/5.3.1/../../../../arm-none-eabi/lib/armv7e-m\libc_nano.a(lib_a-init.o)
                0x004030d0                __libc_init_array
 .text.malloc   0x0040311c       0x10 c:/program files (x86)/atmel/studio/7.0/toolchain/arm/arm-gnu-toolchain/bin/../lib/gcc/arm-none-eabi/5.3.1/../../../../arm-none-eabi/lib/armv7e-m\libc_nano.a(lib_a-malloc.o)
                0x0040311c                malloc
 .text._malloc_r
                0x0040312c       0xa8 c:/program files (x86)/atmel/studio/7.0/toolchain/arm/arm-gnu-toolchain/bin/../lib/gcc/arm-none-eabi/5.3.1/../../../../arm-none-eabi/lib/armv7e-m\libc_nano.a(lib_a-nano-mallocr.o)
                0x0040312c                _malloc_r
 .text._sbrk_r  0x004031d4       0x20 c:/program files (x86)/atmel/studio/7.0/toolchain/arm/arm-gnu-toolchain/bin/../lib/gcc/arm-none-eabi/5.3.1/../../../../arm-none-eabi/lib/armv7e-m\libc_nano.a(lib_a-sbrkr.o)
                0x004031d4                _sbrk_r
 *(.glue_7t)
 .glue_7t       0x004031f4        0x0 linker stubs
 *(.glue_7)
 .glue_7        0x004031f4        0x0 linker stubs
 *(.rodata .rodata* .gnu.linkonce.r.*)
 .rodata.str1.1
                0x004031f4        0x9 src/main.o
 .rodata.str1.1
                0x004031fd        0x2 c:/program files (x86)/atmel/studio/7.0/toolchain/arm/arm-gnu-toolchain/bin/../lib/gcc/arm-none-eabi/5.3.1/../../../../arm-none-eabi/lib/armv7e-m\libc_nano.a(lib_a-impure.o)
 *fill*         0x004031ff        0x1 
 .rodata.__sf_fake_stdin
                0x00403200       0x20 c:/program files (x86)/atmel/studio/7.0/toolchain/arm/arm-gnu-toolchain/bin/../lib/gcc/arm-none-eabi/5.3.1/../../../../arm-none-eabi/lib/armv7e-m\libc_nano.a(lib_a-findfp.o)
                0x00403200                __sf_fake_stdin
 .rodata.__sf_fake_stdout
                0x00403220       0x20 c:/program files (x86)/atmel/studio/7.0/toolchain/arm/arm-gnu-toolchain/bin/../lib/gcc/arm-none-eabi/5.3.1/../../../../arm-none-eabi/lib/armv7e-m\libc_nano.a(lib_a-findfp.o)
                0x00403220                __sf_fake_stdout
 .rodata.__sf_fake_stderr
                0x00403240       0x20 c:/program files (x86)/atmel/studio/7.0/toolchain/arm/arm-gnu-toolchain/bin/../lib/gcc/arm-none-eabi/5.3.1/../../../../arm-none-eabi/lib/armv7e-m\libc_nano.a(lib_a-findfp.o)
                0x00403240                __sf_fake_stderr
 *(.ARM.extab* .gnu.linkonce.armextab.*)
                0x00403260                . = ALIGN (0x4)
 *(.init)
 .init          0x00403260        0x4 c:/program files (x86)/atmel/studio/7.0/toolchain/arm/arm-gnu-toolchain/bin/../lib/gcc/arm-none-eabi/5.3.1/armv7e-m/crti.o
                0x00403260                _init
 .init          0x00403264        0x8 c:/program files (x86)/atmel/studio/7.0/toolchain/arm/arm-gnu-toolchain/bin/../lib/gcc/arm-none-eabi/5.3.1/armv7e-m/crtn.o
                0x0040326c                . = ALIGN (0x4)
                0x0040326c                __preinit_array_start = .
 *(.preinit_array)
                0x0040326c                __preinit_array_end = .
                0x0040326c                . = ALIGN (0x4)
                0x0040326c                __init_array_start = .
 *(SORT(.init_array.*))
 *(.init_array)
 .init_array    0x0040326c        0x4 c:/program files (x86)/atmel/studio/7.0/toolchain/arm/arm-gnu-toolchain/bin/../lib/gcc/arm-none-eabi/5.3.1/armv7e-m/crtbegin.o
                0x00403270                __init_array_end = .
                0x00403270                . = ALIGN (0x4)
 *crtbegin.o(.ctors)
 *(EXCLUDE_FILE(*crtend.o) .ctors)
 *(SORT(.ctors.*))
 *crtend.o(.ctors)
                0x00403270                . = ALIGN (0x4)
 *(.fini)
 .fini          0x00403270        0x4 c:/program files (x86)/atmel/studio/7.0/toolchain/arm/arm-gnu-toolchain/bin/../lib/gcc/arm-none-eabi/5.3.1/armv7e-m/crti.o
                0x00403270                _fini
 .fini          0x00403274        0x8 c:/program files (x86)/atmel/studio/7.0/toolchain/arm/arm-gnu-toolchain/bin/../lib/gcc/arm-none-eabi/5.3.1/armv7e-m/crtn.o
                0x0040327c                . = ALIGN (0x4)
                0x0040327c                __fini_array_start = .
 *(.fini_array)
 .fini_array    0x0040327c        0x4 c:/program files (x86)/atmel/studio/7.0/toolchain/arm/arm-gnu-toolchain/bin/../lib/gcc/arm-none-eabi/5.3.1/armv7e-m/crtbegin.o
 *(SORT(.fini_array.*))
                0x00403280                __fini_array_end = .
 *crtbegin.o(.dtors)
 *(EXCLUDE_FILE(*crtend.o) .dtors)
 *(SORT(.dtors.*))
 *crtend.o(.dtors)
                0x00403280                . = ALIGN (0x4)
                0x00403280                _efixed = .
                [!provide]                PROVIDE (__exidx_start, .)

.vfp11_veneer   0x00403280        0x0
 .vfp11_veneer  0x00403280        0x0 linker stubs

.v4_bx          0x00403280        0x0
 .v4_bx         0x00403280        0x0 linker stubs

.iplt           0x00403280        0x0
 .iplt          0x00403280        0x0 c:/program files (x86)/atmel/studio/7.0/toolchain/arm/arm-gnu-toolchain/bin/../lib/gcc/arm-none-eabi/5.3.1/armv7e-m/crtbegin.o

.eh_frame       0x00403280        0x0
 .eh_frame      0x00403280        0x0 c:/program files (x86)/atmel/studio/7.0/toolchain/arm/arm-gnu-toolchain/bin/../lib/gcc/arm-none-eabi/5.3.1/armv7e-m/crtbegin.o

.rel.dyn        0x00403280        0x0
 .rel.iplt      0x00403280        0x0 c:/program files (x86)/atmel/studio/7.0/toolchain/arm/arm-gnu-toolchain/bin/../lib/gcc/arm-none-eabi/5.3.1/armv7e-m/crtbegin.o

.jcr            0x00403280        0x0
 .jcr           0x00403280        0x0 c:/program files (x86)/atmel/studio/7.0/toolchain/arm/arm-gnu-toolchain/bin/../lib/gcc/arm-none-eabi/5.3.1/armv7e-m/crtbegin.o

.igot.plt       0x00403280        0x0
 .igot.plt      0x00403280        0x0 c:/program files (x86)/atmel/studio/7.0/toolchain/arm/arm-gnu-toolchain/bin/../lib/gcc/arm-none-eabi/5.3.1/armv7e-m/crtbegin.o

.ARM.exidx
 *(.ARM.exidx* .gnu.linkonce.armexidx.*)
                [!provide]                PROVIDE (__exidx_end, .)
                0x00403280                . = ALIGN (0x4)
                0x00403280                _etext = .

.relocate       0x20000000      0x208 load address 0x00403280
                0x20000000                . = ALIGN (0x4)
                0x20000000                _srelocate = .
 *(.ramfunc .ramfunc.*)
 .ramfunc       0x20000000       0x7c src/ASF/sam/drivers/efc/efc.o
                0x20000000                efc_perform_read_sequence
                0x20000060                efc_write_fmr
                0x20000064                efc_perform_fcr
 *(.data .data.*)
 .data.udi_api_vendor
                0x2000007c       0x14 src/ASF/common/services/usb/class/vendor/device/udi_vendor.o
                0x2000007c                udi_api_vendor
 .data.udc_string_product_name
                0x20000090       0x11 src/ASF/common/services/usb/udc/udc.o
 .data.udc_string_manufacturer_name
                0x200000a1       0x10 src/ASF/common/services/usb/udc/udc.o
 *fill*         0x200000b1        0x3 
 .data.udc_string_desc
                0x200000b4       0x22 src/ASF/common/services/usb/udc/udc.o
 *fill*         0x200000d6        0x2 
 .data.udc_string_desc_languageid
                0x200000d8        0x4 src/ASF/common/services/usb/udc/udc.o
 .data.udc_config_lsfs
                0x200000dc        0x8 src/ASF/common/services/usb/class/vendor/device/udi_vendor_desc.o
                0x200000dc                udc_config_lsfs
 .data.udc_config
                0x200000e4        0xc src/ASF/common/services/usb/class/vendor/device/udi_vendor_desc.o
                0x200000e4                udc_config
 .data.udi_apis
                0x200000f0        0x4 src/ASF/common/services/usb/class/vendor/device/udi_vendor_desc.o
                0x200000f0                udi_apis
 .data.udc_device_desc
                0x200000f4       0x12 src/ASF/common/services/usb/class/vendor/device/udi_vendor_desc.o
                0x200000f4                udc_device_desc
 *fill*         0x20000106        0x2 
 .data.udc_desc_fs
                0x20000108       0x45 src/ASF/common/services/usb/class/vendor/device/udi_vendor_desc.o
                0x20000108                udc_desc_fs
 *fill*         0x2000014d        0x3 
 .data.ul_flash_in_wait_mode
                0x20000150        0x4 src/ASF/sam/drivers/pmc/pmc.o
 .data.g_interrupt_enabled
                0x20000154        0x1 src/ASF/common/utils/interrupt/interrupt_sam_nvic.o
                0x20000154                g_interrupt_enabled
 *fill*         0x20000155        0x3 
 .data.SystemCoreClock
                0x20000158        0x4 src/ASF/sam/utils/cmsis/sam4s/source/templates/system_sam4s.o
                0x20000158                SystemCoreClock
 .data.extra_strings_desc.8915
                0x2000015c       0x14 src/main.o
 .data.notRepeat
                0x20000170        0x1 src/main.o
                0x20000170                notRepeat
 *fill*         0x20000171        0x3 
 .data.outputSpeed
                0x20000174        0x4 src/main.o
                0x20000174                outputSpeed
 .data.msft_compatible
                0x20000178       0x28 src/main.o
 .data.newNotRepeat
                0x200001a0        0x1 src/main.o
                0x200001a0                newNotRepeat
 *fill*         0x200001a1        0x3 
 .data.impure_data
                0x200001a4       0x60 c:/program files (x86)/atmel/studio/7.0/toolchain/arm/arm-gnu-toolchain/bin/../lib/gcc/arm-none-eabi/5.3.1/../../../../arm-none-eabi/lib/armv7e-m\libc_nano.a(lib_a-impure.o)
 .data._impure_ptr
                0x20000204        0x4 c:/program files (x86)/atmel/studio/7.0/toolchain/arm/arm-gnu-toolchain/bin/../lib/gcc/arm-none-eabi/5.3.1/../../../../arm-none-eabi/lib/armv7e-m\libc_nano.a(lib_a-impure.o)
                0x20000204                _impure_ptr
                0x20000208                . = ALIGN (0x4)
                0x20000208                _erelocate = .

.bss            0x20000208      0x184 load address 0x00403488
                0x20000208                . = ALIGN (0x4)
                0x20000208                _sbss = .
                0x20000208                _szero = .
 *(.bss .bss.*)
 .bss           0x20000208       0x1c c:/program files (x86)/atmel/studio/7.0/toolchain/arm/arm-gnu-toolchain/bin/../lib/gcc/arm-none-eabi/5.3.1/armv7e-m/crtbegin.o
 .bss.udi_vendor_alternate_setting
                0x20000224        0x1 src/ASF/common/services/usb/class/vendor/device/udi_vendor.o
 *fill*         0x20000225        0x3 
 .bss.udc_ptr_conf
                0x20000228        0x4 src/ASF/common/services/usb/udc/udc.o
 .bss.udc_iface_setting
                0x2000022c        0x1 src/ASF/common/services/usb/udc/udc.o
 *fill*         0x2000022d        0x1 
 .bss.udc_ep_status.7649
                0x2000022e        0x2 src/ASF/common/services/usb/udc/udc.o
 .bss.udc_device_status
                0x20000230        0x2 src/ASF/common/services/usb/udc/udc.o
 *fill*         0x20000232        0x2 
 .bss.udc_num_configuration
                0x20000234        0x1 src/ASF/common/services/usb/udc/udc.o
 *fill*         0x20000235        0x3 
 .bss.udc_ptr_iface
                0x20000238        0x4 src/ASF/common/services/usb/udc/udc.o
 .bss.pio_capture_handler
                0x2000023c        0x4 src/ASF/sam/drivers/pio/pio_handler.o
 .bss.gs_interrupt_sources
                0x20000240       0x70 src/ASF/sam/drivers/pio/pio_handler.o
 .bss.udd_ctrl_prev_payload_nb_trans
                0x200002b0        0x2 src/ASF/sam/drivers/udp/udp_device.o
 *fill*         0x200002b2        0x2 
 .bss.udd_ep_job
                0x200002b4       0x78 src/ASF/sam/drivers/udp/udp_device.o
 .bss.udd_b_idle
                0x2000032c        0x1 src/ASF/sam/drivers/udp/udp_device.o
 .bss.b_shortpacket.8703
                0x2000032d        0x1 src/ASF/sam/drivers/udp/udp_device.o
 .bss.udd_ctrl_payload_nb_trans
                0x2000032e        0x2 src/ASF/sam/drivers/udp/udp_device.o
 .bss.udd_ep_control_state
                0x20000330        0x1 src/ASF/sam/drivers/udp/udp_device.o
 *fill*         0x20000331        0x3 
 .bss.callback_clocks_restored
                0x20000334        0x4 src/ASF/sam/drivers/pmc/sleep.o
 .bss.b_is_sleep_clock_used
                0x20000338        0x1 src/ASF/sam/drivers/pmc/sleep.o
 *fill*         0x20000339        0x3 
 .bss.cpu_irq_critical_section_counter
                0x2000033c        0x4 src/ASF/common/utils/interrupt/interrupt_sam_nvic.o
 .bss.cpu_irq_prev_interrupt_state
                0x20000340        0x1 src/ASF/common/utils/interrupt/interrupt_sam_nvic.o
 *fill*         0x20000341        0x3 
 .bss.heap.5287
                0x20000344        0x4 src/ASF/sam/utils/syscalls/gcc/syscalls.o
 .bss.newFrameReady
                0x20000348        0x1 src/main.o
                0x20000348                newFrameReady
 .bss.playing   0x20000349        0x1 src/main.o
                0x20000349                playing
 .bss.newFrameSize
                0x2000034a        0x2 src/main.o
                0x2000034a                newFrameSize
 .bss.frameSize
                0x2000034c        0x2 src/main.o
                0x2000034c                frameSize
 .bss.framePos  0x2000034e        0x2 src/main.o
                0x2000034e                framePos
 .bss.__malloc_sbrk_start
                0x20000350        0x4 c:/program files (x86)/atmel/studio/7.0/toolchain/arm/arm-gnu-toolchain/bin/../lib/gcc/arm-none-eabi/5.3.1/../../../../arm-none-eabi/lib/armv7e-m\libc_nano.a(lib_a-nano-mallocr.o)
                0x20000350                __malloc_sbrk_start
 .bss.__malloc_free_list
                0x20000354        0x4 c:/program files (x86)/atmel/studio/7.0/toolchain/arm/arm-gnu-toolchain/bin/../lib/gcc/arm-none-eabi/5.3.1/../../../../arm-none-eabi/lib/armv7e-m\libc_nano.a(lib_a-nano-mallocr.o)
                0x20000354                __malloc_free_list
 *(COMMON)
 COMMON         0x20000358        0x6 src/ASF/common/services/sleepmgr/sam/sleepmgr.o
                0x20000358                sleepmgr_locks
 *fill*         0x2000035e        0x2 
 COMMON         0x20000360       0x18 src/ASF/sam/drivers/udp/udp_device.o
                0x20000360                udd_g_ctrlreq
 COMMON         0x20000378        0x4 src/ASF/sam/drivers/pio/pio.o
                0x20000378                pio_capture_enable_flag
 COMMON         0x2000037c        0xc src/main.o
                0x2000037c                newFrameAddress
                0x20000380                usbInterruptBufferAddress
                0x20000384                frameAddress
 COMMON         0x20000388        0x4 c:/program files (x86)/atmel/studio/7.0/toolchain/arm/arm-gnu-toolchain/bin/../lib/gcc/arm-none-eabi/5.3.1/../../../../arm-none-eabi/lib/armv7e-m\libc_nano.a(lib_a-reent.o)
                0x20000388                errno
                0x2000038c                . = ALIGN (0x4)
                0x2000038c                _ebss = .
                0x2000038c                _ezero = .

.stack          0x2000038c     0x1004 load address 0x0040360c
                0x20000390                . = ALIGN (0x8)
 *fill*         0x2000038c        0x4 
                0x20000390                _sstack = .
                0x20001390                . = (. + __stack_size__)
 *fill*         0x20000390     0x1000 
                0x20001390                . = ALIGN (0x8)
                0x20001390                _estack = .
                0x20001390                . = ALIGN (0x4)
                0x20001390                _end = .
OUTPUT(lasdac_mainfirmware.elf elf32-littlearm)

.ARM.attributes
                0x00000000       0x2a
 .ARM.attributes
                0x00000000       0x1e c:/program files (x86)/atmel/studio/7.0/toolchain/arm/arm-gnu-toolchain/bin/../lib/gcc/arm-none-eabi/5.3.1/armv7e-m/crti.o
 .ARM.attributes
                0x0000001e       0x2e c:/program files (x86)/atmel/studio/7.0/toolchain/arm/arm-gnu-toolchain/bin/../lib/gcc/arm-none-eabi/5.3.1/armv7e-m/crtbegin.o
 .ARM.attributes
                0x0000004c       0x33 src/ASF/common/services/sleepmgr/sam/sleepmgr.o
 .ARM.attributes
                0x0000007f       0x33 src/ASF/common/services/usb/class/vendor/device/udi_vendor.o
 .ARM.attributes
                0x000000b2       0x33 src/ASF/common/services/usb/udc/udc.o
 .ARM.attributes
                0x000000e5       0x33 src/ASF/sam/drivers/efc/efc.o
 .ARM.attributes
                0x00000118       0x33 src/ASF/sam/drivers/pio/pio_handler.o
 .ARM.attributes
                0x0000014b       0x33 src/ASF/sam/drivers/spi/spi.o
 .ARM.attributes
                0x0000017e       0x33 src/ASF/sam/drivers/udp/udp_device.o
 .ARM.attributes
                0x000001b1       0x33 src/ASF/sam/drivers/wdt/wdt.o
 .ARM.attributes
                0x000001e4       0x33 src/ASF/sam/services/flash_efc/flash_efc.o
 .ARM.attributes
                0x00000217       0x33 src/ASF/common/services/usb/class/vendor/device/udi_vendor_desc.o
 .ARM.attributes
                0x0000024a       0x33 src/ASF/common/services/clock/sam4s/sysclk.o
 .ARM.attributes
                0x0000027d       0x33 src/ASF/sam/drivers/dacc/dacc.o
 .ARM.attributes
                0x000002b0       0x33 src/ASF/sam/drivers/pio/pio.o
 .ARM.attributes
                0x000002e3       0x33 src/ASF/sam/drivers/pmc/pmc.o
 .ARM.attributes
                0x00000316       0x33 src/ASF/sam/drivers/pmc/sleep.o
 .ARM.attributes
                0x00000349       0x33 src/ASF/common/utils/interrupt/interrupt_sam_nvic.o
 .ARM.attributes
                0x0000037c       0x33 src/ASF/sam/utils/cmsis/sam4s/source/templates/gcc/startup_sam4s.o
 .ARM.attributes
                0x000003af       0x33 src/ASF/sam/utils/cmsis/sam4s/source/templates/system_sam4s.o
 .ARM.attributes
                0x000003e2       0x33 src/ASF/sam/utils/syscalls/gcc/syscalls.o
 .ARM.attributes
                0x00000415       0x33 src/main.o
 .ARM.attributes
                0x00000448       0x2e c:/program files (x86)/atmel/studio/7.0/toolchain/arm/arm-gnu-toolchain/bin/../lib/gcc/arm-none-eabi/5.3.1/../../../../arm-none-eabi/lib/armv7e-m\libc_nano.a(lib_a-impure.o)
 .ARM.attributes
                0x00000476       0x2e c:/program files (x86)/atmel/studio/7.0/toolchain/arm/arm-gnu-toolchain/bin/../lib/gcc/arm-none-eabi/5.3.1/../../../../arm-none-eabi/lib/armv7e-m\libc_nano.a(lib_a-init.o)
 .ARM.attributes
                0x000004a4       0x2e c:/program files (x86)/atmel/studio/7.0/toolchain/arm/arm-gnu-toolchain/bin/../lib/gcc/arm-none-eabi/5.3.1/../../../../arm-none-eabi/lib/armv7e-m\libc_nano.a(lib_a-malloc.o)
 .ARM.attributes
                0x000004d2       0x2e c:/program files (x86)/atmel/studio/7.0/toolchain/arm/arm-gnu-toolchain/bin/../lib/gcc/arm-none-eabi/5.3.1/../../../../arm-none-eabi/lib/armv7e-m\libc_nano.a(lib_a-nano-mallocr.o)
 .ARM.attributes
                0x00000500       0x2e c:/program files (x86)/atmel/studio/7.0/toolchain/arm/arm-gnu-toolchain/bin/../lib/gcc/arm-none-eabi/5.3.1/../../../../arm-none-eabi/lib/armv7e-m\libc_nano.a(lib_a-sbrkr.o)
 .ARM.attributes
                0x0000052e       0x2e c:/program files (x86)/atmel/studio/7.0/toolchain/arm/arm-gnu-toolchain/bin/../lib/gcc/arm-none-eabi/5.3.1/../../../../arm-none-eabi/lib/armv7e-m\libc_nano.a(lib_a-findfp.o)
 .ARM.attributes
                0x0000055c       0x2e c:/program files (x86)/atmel/studio/7.0/toolchain/arm/arm-gnu-toolchain/bin/../lib/gcc/arm-none-eabi/5.3.1/../../../../arm-none-eabi/lib/armv7e-m\libc_nano.a(lib_a-reent.o)
 .ARM.attributes
                0x0000058a       0x1e c:/program files (x86)/atmel/studio/7.0/toolchain/arm/arm-gnu-toolchain/bin/../lib/gcc/arm-none-eabi/5.3.1/armv7e-m/crtn.o

.comment        0x00000000       0x59
 .comment       0x00000000       0x59 src/ASF/common/services/sleepmgr/sam/sleepmgr.o
                                 0x5a (size before relaxing)
 .comment       0x00000059       0x5a src/ASF/common/services/usb/class/vendor/device/udi_vendor.o
 .comment       0x00000059       0x5a src/ASF/common/services/usb/udc/udc.o
 .comment       0x00000059       0x5a src/ASF/sam/drivers/efc/efc.o
 .comment       0x00000059       0x5a src/ASF/sam/drivers/pio/pio_handler.o
 .comment       0x00000059       0x5a src/ASF/sam/drivers/spi/spi.o
 .comment       0x00000059       0x5a src/ASF/sam/drivers/udp/udp_device.o
 .comment       0x00000059       0x5a src/ASF/sam/drivers/wdt/wdt.o
 .comment       0x00000059       0x5a src/ASF/sam/services/flash_efc/flash_efc.o
 .comment       0x00000059       0x5a src/ASF/common/services/usb/class/vendor/device/udi_vendor_desc.o
 .comment       0x00000059       0x5a src/ASF/common/services/clock/sam4s/sysclk.o
 .comment       0x00000059       0x5a src/ASF/sam/drivers/dacc/dacc.o
 .comment       0x00000059       0x5a src/ASF/sam/drivers/pio/pio.o
 .comment       0x00000059       0x5a src/ASF/sam/drivers/pmc/pmc.o
 .comment       0x00000059       0x5a src/ASF/sam/drivers/pmc/sleep.o
 .comment       0x00000059       0x5a src/ASF/common/utils/interrupt/interrupt_sam_nvic.o
 .comment       0x00000059       0x5a src/ASF/sam/utils/cmsis/sam4s/source/templates/gcc/startup_sam4s.o
 .comment       0x00000059       0x5a src/ASF/sam/utils/cmsis/sam4s/source/templates/system_sam4s.o
 .comment       0x00000059       0x5a src/ASF/sam/utils/syscalls/gcc/syscalls.o
 .comment       0x00000059       0x5a src/main.o

.debug_frame    0x00000000      0x22c
 .debug_frame   0x00000000       0x2c c:/program files (x86)/atmel/studio/7.0/toolchain/arm/arm-gnu-toolchain/bin/../lib/gcc/arm-none-eabi/5.3.1/../../../../arm-none-eabi/lib/armv7e-m\libc_nano.a(lib_a-init.o)
 .debug_frame   0x0000002c       0x30 c:/program files (x86)/atmel/studio/7.0/toolchain/arm/arm-gnu-toolchain/bin/../lib/gcc/arm-none-eabi/5.3.1/../../../../arm-none-eabi/lib/armv7e-m\libc_nano.a(lib_a-malloc.o)
 .debug_frame   0x0000005c       0x2c c:/program files (x86)/atmel/studio/7.0/toolchain/arm/arm-gnu-toolchain/bin/../lib/gcc/arm-none-eabi/5.3.1/../../../../arm-none-eabi/lib/armv7e-m\libc_nano.a(lib_a-nano-mallocr.o)
 .debug_frame   0x00000088       0x2c c:/program files (x86)/atmel/studio/7.0/toolchain/arm/arm-gnu-toolchain/bin/../lib/gcc/arm-none-eabi/5.3.1/../../../../arm-none-eabi/lib/armv7e-m\libc_nano.a(lib_a-sbrkr.o)
 .debug_frame   0x000000b4      0x11c c:/program files (x86)/atmel/studio/7.0/toolchain/arm/arm-gnu-toolchain/bin/../lib/gcc/arm-none-eabi/5.3.1/../../../../arm-none-eabi/lib/armv7e-m\libc_nano.a(lib_a-findfp.o)
 .debug_frame   0x000001d0       0x5c c:/program files (x86)/atmel/studio/7.0/toolchain/arm/arm-gnu-toolchain/bin/../lib/gcc/arm-none-eabi/5.3.1/../../../../arm-none-eabi/lib/armv7e-m\libc_nano.a(lib_a-reent.o)

Cross Reference Table

Symbol                                            File
ACC_Handler                                       src/ASF/sam/utils/cmsis/sam4s/source/templates/gcc/startup_sam4s.o
ADC_Handler                                       src/ASF/sam/utils/cmsis/sam4s/source/templates/gcc/startup_sam4s.o
BusFault_Handler                                  src/ASF/sam/utils/cmsis/sam4s/source/templates/gcc/startup_sam4s.o
CRCCU_Handler                                     src/ASF/sam/utils/cmsis/sam4s/source/templates/gcc/startup_sam4s.o
DACC_Handler                                      src/ASF/sam/utils/cmsis/sam4s/source/templates/gcc/startup_sam4s.o
DebugMon_Handler                                  src/ASF/sam/utils/cmsis/sam4s/source/templates/gcc/startup_sam4s.o
Dummy_Handler                                     src/ASF/sam/utils/cmsis/sam4s/source/templates/gcc/startup_sam4s.o
EFC0_Handler                                      src/ASF/sam/utils/cmsis/sam4s/source/templates/gcc/startup_sam4s.o
HSMCI_Handler                                     src/ASF/sam/utils/cmsis/sam4s/source/templates/gcc/startup_sam4s.o
HardFault_Handler                                 src/ASF/sam/utils/cmsis/sam4s/source/templates/gcc/startup_sam4s.o
MemManage_Handler                                 src/ASF/sam/utils/cmsis/sam4s/source/templates/gcc/startup_sam4s.o
NMI_Handler                                       src/ASF/sam/utils/cmsis/sam4s/source/templates/gcc/startup_sam4s.o
PIOA_Handler                                      src/ASF/sam/drivers/pio/pio_handler.o
PIOB_Handler                                      src/ASF/sam/drivers/pio/pio_handler.o
PMC_Handler                                       src/ASF/sam/utils/cmsis/sam4s/source/templates/gcc/startup_sam4s.o
PWM_Handler                                       src/ASF/sam/utils/cmsis/sam4s/source/templates/gcc/startup_sam4s.o
PendSV_Handler                                    src/ASF/sam/utils/cmsis/sam4s/source/templates/gcc/startup_sam4s.o
RSTC_Handler                                      src/ASF/sam/utils/cmsis/sam4s/source/templates/gcc/startup_sam4s.o
RTC_Handler                                       src/ASF/sam/utils/cmsis/sam4s/source/templates/gcc/startup_sam4s.o
RTT_Handler                                       src/ASF/sam/utils/cmsis/sam4s/source/templates/gcc/startup_sam4s.o
Reset_Handler                                     src/ASF/sam/utils/cmsis/sam4s/source/templates/gcc/startup_sam4s.o
SPI_Handler                                       src/ASF/sam/utils/cmsis/sam4s/source/templates/gcc/startup_sam4s.o
SSC_Handler                                       src/ASF/sam/utils/cmsis/sam4s/source/templates/gcc/startup_sam4s.o
SUPC_Handler                                      src/ASF/sam/utils/cmsis/sam4s/source/templates/gcc/startup_sam4s.o
SVC_Handler                                       src/ASF/sam/utils/cmsis/sam4s/source/templates/gcc/startup_sam4s.o
SysTick_Handler                                   src/main.o
                                                  src/ASF/sam/utils/cmsis/sam4s/source/templates/gcc/startup_sam4s.o
SystemCoreClock                                   src/ASF/sam/utils/cmsis/sam4s/source/templates/system_sam4s.o
SystemCoreClockUpdate                             src/ASF/sam/utils/cmsis/sam4s/source/templates/system_sam4s.o
                                                  src/ASF/common/services/clock/sam4s/sysclk.o
SystemInit                                        src/ASF/sam/utils/cmsis/sam4s/source/templates/system_sam4s.o
TC0_Handler                                       src/ASF/sam/utils/cmsis/sam4s/source/templates/gcc/startup_sam4s.o
TC1_Handler                                       src/ASF/sam/utils/cmsis/sam4s/source/templates/gcc/startup_sam4s.o
TC2_Handler                                       src/ASF/sam/utils/cmsis/sam4s/source/templates/gcc/startup_sam4s.o
TWI0_Handler                                      src/ASF/sam/utils/cmsis/sam4s/source/templates/gcc/startup_sam4s.o
TWI1_Handler                                      src/ASF/sam/utils/cmsis/sam4s/source/templates/gcc/startup_sam4s.o
UART0_Handler                                     src/ASF/sam/utils/cmsis/sam4s/source/templates/gcc/startup_sam4s.o
UART1_Handler                                     src/ASF/sam/utils/cmsis/sam4s/source/templates/gcc/startup_sam4s.o
UDP_Handler                                       src/ASF/sam/drivers/udp/udp_device.o
USART0_Handler                                    src/ASF/sam/utils/cmsis/sam4s/source/templates/gcc/startup_sam4s.o
USART1_Handler                                    src/ASF/sam/utils/cmsis/sam4s/source/templates/gcc/startup_sam4s.o
UsageFault_Handler                                src/ASF/sam/utils/cmsis/sam4s/source/templates/gcc/startup_sam4s.o
WDT_Handler                                       src/ASF/sam/utils/cmsis/sam4s/source/templates/gcc/startup_sam4s.o
_Jv_RegisterClasses                               c:/program files (x86)/atmel/studio/7.0/toolchain/arm/arm-gnu-toolchain/bin/../lib/gcc/arm-none-eabi/5.3.1/armv7e-m/crtbegin.o
__bss_end__                                       c:/program files (x86)/atmel/studio/7.0/toolchain/arm/arm-gnu-toolchain/bin/../lib/gcc/arm-none-eabi/5.3.1/../../../../arm-none-eabi/lib/armv7e-m/crt0.o
__bss_start__                                     c:/program files (x86)/atmel/studio/7.0/toolchain/arm/arm-gnu-toolchain/bin/../lib/gcc/arm-none-eabi/5.3.1/../../../../arm-none-eabi/lib/armv7e-m/crt0.o
__call_exitprocs                                  c:/program files (x86)/atmel/studio/7.0/toolchain/arm/arm-gnu-toolchain/bin/../lib/gcc/arm-none-eabi/5.3.1/../../../../arm-none-eabi/lib/armv7e-m\libc_nano.a(lib_a-exit.o)
__deregister_frame_info                           c:/program files (x86)/atmel/studio/7.0/toolchain/arm/arm-gnu-toolchain/bin/../lib/gcc/arm-none-eabi/5.3.1/armv7e-m/crtbegin.o
__dso_handle                                      c:/program files (x86)/atmel/studio/7.0/toolchain/arm/arm-gnu-toolchain/bin/../lib/gcc/arm-none-eabi/5.3.1/armv7e-m/crtbegin.o
__fp_lock_all                                     c:/program files (x86)/atmel/studio/7.0/toolchain/arm/arm-gnu-toolchain/bin/../lib/gcc/arm-none-eabi/5.3.1/../../../../arm-none-eabi/lib/armv7e-m\libc_nano.a(lib_a-findfp.o)
__fp_unlock_all                                   c:/program files (x86)/atmel/studio/7.0/toolchain/arm/arm-gnu-toolchain/bin/../lib/gcc/arm-none-eabi/5.3.1/../../../../arm-none-eabi/lib/armv7e-m\libc_nano.a(lib_a-findfp.o)
__init_array_end                                  c:/program files (x86)/atmel/studio/7.0/toolchain/arm/arm-gnu-toolchain/bin/../lib/gcc/arm-none-eabi/5.3.1/../../../../arm-none-eabi/lib/armv7e-m\libc_nano.a(lib_a-init.o)
__init_array_start                                c:/program files (x86)/atmel/studio/7.0/toolchain/arm/arm-gnu-toolchain/bin/../lib/gcc/arm-none-eabi/5.3.1/../../../../arm-none-eabi/lib/armv7e-m\libc_nano.a(lib_a-init.o)
__libc_fini_array                                 c:/program files (x86)/atmel/studio/7.0/toolchain/arm/arm-gnu-toolchain/bin/../lib/gcc/arm-none-eabi/5.3.1/../../../../arm-none-eabi/lib/armv7e-m/crt0.o
__libc_init_array                                 c:/program files (x86)/atmel/studio/7.0/toolchain/arm/arm-gnu-toolchain/bin/../lib/gcc/arm-none-eabi/5.3.1/../../../../arm-none-eabi/lib/armv7e-m\libc_nano.a(lib_a-init.o)
                                                  src/ASF/sam/utils/cmsis/sam4s/source/templates/gcc/startup_sam4s.o
                                                  c:/program files (x86)/atmel/studio/7.0/toolchain/arm/arm-gnu-toolchain/bin/../lib/gcc/arm-none-eabi/5.3.1/../../../../arm-none-eabi/lib/armv7e-m/crt0.o
__malloc_free_list                                c:/program files (x86)/atmel/studio/7.0/toolchain/arm/arm-gnu-toolchain/bin/../lib/gcc/arm-none-eabi/5.3.1/../../../../arm-none-eabi/lib/armv7e-m\libc_nano.a(lib_a-nano-mallocr.o)
                                                  c:/program files (x86)/atmel/studio/7.0/toolchain/arm/arm-gnu-toolchain/bin/../lib/gcc/arm-none-eabi/5.3.1/../../../../arm-none-eabi/lib/armv7e-m\libc_nano.a(lib_a-nano-freer.o)
__malloc_sbrk_start                               c:/program files (x86)/atmel/studio/7.0/toolchain/arm/arm-gnu-toolchain/bin/../lib/gcc/arm-none-eabi/5.3.1/../../../../arm-none-eabi/lib/armv7e-m\libc_nano.a(lib_a-nano-mallocr.o)
__preinit_array_end                               c:/program files (x86)/atmel/studio/7.0/toolchain/arm/arm-gnu-toolchain/bin/../lib/gcc/arm-none-eabi/5.3.1/../../../../arm-none-eabi/lib/armv7e-m\libc_nano.a(lib_a-init.o)
__preinit_array_start                             c:/program files (x86)/atmel/studio/7.0/toolchain/arm/arm-gnu-toolchain/bin/../lib/gcc/arm-none-eabi/5.3.1/../../../../arm-none-eabi/lib/armv7e-m\libc_nano.a(lib_a-init.o)
__ram_end__                                       src/ASF/sam/utils/syscalls/gcc/syscalls.o
__register_frame_info                             c:/program files (x86)/atmel/studio/7.0/toolchain/arm/arm-gnu-toolchain/bin/../lib/gcc/arm-none-eabi/5.3.1/armv7e-m/crtbegin.o
__sclose                                          c:/program files (x86)/atmel/studio/7.0/toolchain/arm/arm-gnu-toolchain/bin/../lib/gcc/arm-none-eabi/5.3.1/../../../../arm-none-eabi/lib/armv7e-m\libc_nano.a(lib_a-stdio.o)
                                                  c:/program files (x86)/atmel/studio/7.0/toolchain/arm/arm-gnu-toolchain/bin/../lib/gcc/arm-none-eabi/5.3.1/../../../../arm-none-eabi/lib/armv7e-m\libc_nano.a(lib_a-findfp.o)
__seofread                                        c:/program files (x86)/atmel/studio/7.0/toolchain/arm/arm-gnu-toolchain/bin/../lib/gcc/arm-none-eabi/5.3.1/../../../../arm-none-eabi/lib/armv7e-m\libc_nano.a(lib_a-stdio.o)
__sf_fake_stderr                                  c:/program files (x86)/atmel/studio/7.0/toolchain/arm/arm-gnu-toolchain/bin/../lib/gcc/arm-none-eabi/5.3.1/../../../../arm-none-eabi/lib/armv7e-m\libc_nano.a(lib_a-findfp.o)
                                                  c:/program files (x86)/atmel/studio/7.0/toolchain/arm/arm-gnu-toolchain/bin/../lib/gcc/arm-none-eabi/5.3.1/../../../../arm-none-eabi/lib/armv7e-m\libc_nano.a(lib_a-fflush.o)
                                                  c:/program files (x86)/atmel/studio/7.0/toolchain/arm/arm-gnu-toolchain/bin/../lib/gcc/arm-none-eabi/5.3.1/../../../../arm-none-eabi/lib/armv7e-m\libc_nano.a(lib_a-wsetup.o)
                                                  c:/program files (x86)/atmel/studio/7.0/toolchain/arm/arm-gnu-toolchain/bin/../lib/gcc/arm-none-eabi/5.3.1/../../../../arm-none-eabi/lib/armv7e-m\libc_nano.a(lib_a-wbuf.o)
                                                  c:/program files (x86)/atmel/studio/7.0/toolchain/arm/arm-gnu-toolchain/bin/../lib/gcc/arm-none-eabi/5.3.1/../../../../arm-none-eabi/lib/armv7e-m\libc_nano.a(lib_a-nano-vfprintf.o)
                                                  c:/program files (x86)/atmel/studio/7.0/toolchain/arm/arm-gnu-toolchain/bin/../lib/gcc/arm-none-eabi/5.3.1/../../../../arm-none-eabi/lib/armv7e-m\libc_nano.a(lib_a-impure.o)
__sf_fake_stdin                                   c:/program files (x86)/atmel/studio/7.0/toolchain/arm/arm-gnu-toolchain/bin/../lib/gcc/arm-none-eabi/5.3.1/../../../../arm-none-eabi/lib/armv7e-m\libc_nano.a(lib_a-findfp.o)
                                                  c:/program files (x86)/atmel/studio/7.0/toolchain/arm/arm-gnu-toolchain/bin/../lib/gcc/arm-none-eabi/5.3.1/../../../../arm-none-eabi/lib/armv7e-m\libc_nano.a(lib_a-fflush.o)
                                                  c:/program files (x86)/atmel/studio/7.0/toolchain/arm/arm-gnu-toolchain/bin/../lib/gcc/arm-none-eabi/5.3.1/../../../../arm-none-eabi/lib/armv7e-m\libc_nano.a(lib_a-wsetup.o)
                                                  c:/program files (x86)/atmel/studio/7.0/toolchain/arm/arm-gnu-toolchain/bin/../lib/gcc/arm-none-eabi/5.3.1/../../../../arm-none-eabi/lib/armv7e-m\libc_nano.a(lib_a-wbuf.o)
                                                  c:/program files (x86)/atmel/studio/7.0/toolchain/arm/arm-gnu-toolchain/bin/../lib/gcc/arm-none-eabi/5.3.1/../../../../arm-none-eabi/lib/armv7e-m\libc_nano.a(lib_a-nano-vfprintf.o)
                                                  c:/program files (x86)/atmel/studio/7.0/toolchain/arm/arm-gnu-toolchain/bin/../lib/gcc/arm-none-eabi/5.3.1/../../../../arm-none-eabi/lib/armv7e-m\libc_nano.a(lib_a-impure.o)
__sf_fake_stdout                                  c:/program files (x86)/atmel/studio/7.0/toolchain/arm/arm-gnu-toolchain/bin/../lib/gcc/arm-none-eabi/5.3.1/../../../../arm-none-eabi/lib/armv7e-m\libc_nano.a(lib_a-findfp.o)
                                                  c:/program files (x86)/atmel/studio/7.0/toolchain/arm/arm-gnu-toolchain/bin/../lib/gcc/arm-none-eabi/5.3.1/../../../../arm-none-eabi/lib/armv7e-m\libc_nano.a(lib_a-fflush.o)
                                                  c:/program files (x86)/atmel/studio/7.0/toolchain/arm/arm-gnu-toolchain/bin/../lib/gcc/arm-none-eabi/5.3.1/../../../../arm-none-eabi/lib/armv7e-m\libc_nano.a(lib_a-wsetup.o)
                                                  c:/program files (x86)/atmel/studio/7.0/toolchain/arm/arm-gnu-toolchain/bin/../lib/gcc/arm-none-eabi/5.3.1/../../../../arm-none-eabi/lib/armv7e-m\libc_nano.a(lib_a-wbuf.o)
                                                  c:/program files (x86)/atmel/studio/7.0/toolchain/arm/arm-gnu-toolchain/bin/../lib/gcc/arm-none-eabi/5.3.1/../../../../arm-none-eabi/lib/armv7e-m\libc_nano.a(lib_a-nano-vfprintf.o)
                                                  c:/program files (x86)/atmel/studio/7.0/toolchain/arm/arm-gnu-toolchain/bin/../lib/gcc/arm-none-eabi/5.3.1/../../../../arm-none-eabi/lib/armv7e-m\libc_nano.a(lib_a-impure.o)
__sflush_r                                        c:/program files (x86)/atmel/studio/7.0/toolchain/arm/arm-gnu-toolchain/bin/../lib/gcc/arm-none-eabi/5.3.1/../../../../arm-none-eabi/lib/armv7e-m\libc_nano.a(lib_a-fflush.o)
__sfmoreglue                                      c:/program files (x86)/atmel/studio/7.0/toolchain/arm/arm-gnu-toolchain/bin/../lib/gcc/arm-none-eabi/5.3.1/../../../../arm-none-eabi/lib/armv7e-m\libc_nano.a(lib_a-findfp.o)
__sfp                                             c:/program files (x86)/atmel/studio/7.0/toolchain/arm/arm-gnu-toolchain/bin/../lib/gcc/arm-none-eabi/5.3.1/../../../../arm-none-eabi/lib/armv7e-m\libc_nano.a(lib_a-findfp.o)
__sfp_lock_acquire                                c:/program files (x86)/atmel/studio/7.0/toolchain/arm/arm-gnu-toolchain/bin/../lib/gcc/arm-none-eabi/5.3.1/../../../../arm-none-eabi/lib/armv7e-m\libc_nano.a(lib_a-findfp.o)
__sfp_lock_release                                c:/program files (x86)/atmel/studio/7.0/toolchain/arm/arm-gnu-toolchain/bin/../lib/gcc/arm-none-eabi/5.3.1/../../../../arm-none-eabi/lib/armv7e-m\libc_nano.a(lib_a-findfp.o)
__sfputs_r                                        c:/program files (x86)/atmel/studio/7.0/toolchain/arm/arm-gnu-toolchain/bin/../lib/gcc/arm-none-eabi/5.3.1/../../../../arm-none-eabi/lib/armv7e-m\libc_nano.a(lib_a-nano-vfprintf.o)
__sfvwrite_r                                      c:/program files (x86)/atmel/studio/7.0/toolchain/arm/arm-gnu-toolchain/bin/../lib/gcc/arm-none-eabi/5.3.1/../../../../arm-none-eabi/lib/armv7e-m\libc_nano.a(lib_a-fvwrite.o)
                                                  c:/program files (x86)/atmel/studio/7.0/toolchain/arm/arm-gnu-toolchain/bin/../lib/gcc/arm-none-eabi/5.3.1/../../../../arm-none-eabi/lib/armv7e-m\libc_nano.a(lib_a-nano-vfprintf.o)
__sinit                                           c:/program files (x86)/atmel/studio/7.0/toolchain/arm/arm-gnu-toolchain/bin/../lib/gcc/arm-none-eabi/5.3.1/../../../../arm-none-eabi/lib/armv7e-m\libc_nano.a(lib_a-findfp.o)
                                                  c:/program files (x86)/atmel/studio/7.0/toolchain/arm/arm-gnu-toolchain/bin/../lib/gcc/arm-none-eabi/5.3.1/../../../../arm-none-eabi/lib/armv7e-m\libc_nano.a(lib_a-fflush.o)
                                                  c:/program files (x86)/atmel/studio/7.0/toolchain/arm/arm-gnu-toolchain/bin/../lib/gcc/arm-none-eabi/5.3.1/../../../../arm-none-eabi/lib/armv7e-m\libc_nano.a(lib_a-wsetup.o)
                                                  c:/program files (x86)/atmel/studio/7.0/toolchain/arm/arm-gnu-toolchain/bin/../lib/gcc/arm-none-eabi/5.3.1/../../../../arm-none-eabi/lib/armv7e-m\libc_nano.a(lib_a-wbuf.o)
                                                  c:/program files (x86)/atmel/studio/7.0/toolchain/arm/arm-gnu-toolchain/bin/../lib/gcc/arm-none-eabi/5.3.1/../../../../arm-none-eabi/lib/armv7e-m\libc_nano.a(lib_a-nano-vfprintf.o)
                                                  c:/program files (x86)/atmel/studio/7.0/toolchain/arm/arm-gnu-toolchain/bin/../lib/gcc/arm-none-eabi/5.3.1/../../../../arm-none-eabi/lib/armv7e-m\libc_nano.a(lib_a-printf.o)
__sinit_lock_acquire                              c:/program files (x86)/atmel/studio/7.0/toolchain/arm/arm-gnu-toolchain/bin/../lib/gcc/arm-none-eabi/5.3.1/../../../../arm-none-eabi/lib/armv7e-m\libc_nano.a(lib_a-findfp.o)
__sinit_lock_release                              c:/program files (x86)/atmel/studio/7.0/toolchain/arm/arm-gnu-toolchain/bin/../lib/gcc/arm-none-eabi/5.3.1/../../../../arm-none-eabi/lib/armv7e-m\libc_nano.a(lib_a-findfp.o)
__smakebuf_r                                      c:/program files (x86)/atmel/studio/7.0/toolchain/arm/arm-gnu-toolchain/bin/../lib/gcc/arm-none-eabi/5.3.1/../../../../arm-none-eabi/lib/armv7e-m\libc_nano.a(lib_a-makebuf.o)
                                                  c:/program files (x86)/atmel/studio/7.0/toolchain/arm/arm-gnu-toolchain/bin/../lib/gcc/arm-none-eabi/5.3.1/../../../../arm-none-eabi/lib/armv7e-m\libc_nano.a(lib_a-wsetup.o)
__sprint_r                                        c:/program files (x86)/atmel/studio/7.0/toolchain/arm/arm-gnu-toolchain/bin/../lib/gcc/arm-none-eabi/5.3.1/../../../../arm-none-eabi/lib/armv7e-m\libc_nano.a(lib_a-nano-vfprintf.o)
__sread                                           c:/program files (x86)/atmel/studio/7.0/toolchain/arm/arm-gnu-toolchain/bin/../lib/gcc/arm-none-eabi/5.3.1/../../../../arm-none-eabi/lib/armv7e-m\libc_nano.a(lib_a-stdio.o)
                                                  c:/program files (x86)/atmel/studio/7.0/toolchain/arm/arm-gnu-toolchain/bin/../lib/gcc/arm-none-eabi/5.3.1/../../../../arm-none-eabi/lib/armv7e-m\libc_nano.a(lib_a-findfp.o)
__sseek                                           c:/program files (x86)/atmel/studio/7.0/toolchain/arm/arm-gnu-toolchain/bin/../lib/gcc/arm-none-eabi/5.3.1/../../../../arm-none-eabi/lib/armv7e-m\libc_nano.a(lib_a-stdio.o)
                                                  c:/program files (x86)/atmel/studio/7.0/toolchain/arm/arm-gnu-toolchain/bin/../lib/gcc/arm-none-eabi/5.3.1/../../../../arm-none-eabi/lib/armv7e-m\libc_nano.a(lib_a-findfp.o)
__stack                                           c:/program files (x86)/atmel/studio/7.0/toolchain/arm/arm-gnu-toolchain/bin/../lib/gcc/arm-none-eabi/5.3.1/../../../../arm-none-eabi/lib/armv7e-m/crt0.o
__swbuf                                           c:/program files (x86)/atmel/studio/7.0/toolchain/arm/arm-gnu-toolchain/bin/../lib/gcc/arm-none-eabi/5.3.1/../../../../arm-none-eabi/lib/armv7e-m\libc_nano.a(lib_a-wbuf.o)
__swbuf_r                                         c:/program files (x86)/atmel/studio/7.0/toolchain/arm/arm-gnu-toolchain/bin/../lib/gcc/arm-none-eabi/5.3.1/../../../../arm-none-eabi/lib/armv7e-m\libc_nano.a(lib_a-wbuf.o)
                                                  c:/program files (x86)/atmel/studio/7.0/toolchain/arm/arm-gnu-toolchain/bin/../lib/gcc/arm-none-eabi/5.3.1/../../../../arm-none-eabi/lib/armv7e-m\libc_nano.a(lib_a-nano-vfprintf.o)
__swhatbuf_r                                      c:/program files (x86)/atmel/studio/7.0/toolchain/arm/arm-gnu-toolchain/bin/../lib/gcc/arm-none-eabi/5.3.1/../../../../arm-none-eabi/lib/armv7e-m\libc_nano.a(lib_a-makebuf.o)
__swrite                                          c:/program files (x86)/atmel/studio/7.0/toolchain/arm/arm-gnu-toolchain/bin/../lib/gcc/arm-none-eabi/5.3.1/../../../../arm-none-eabi/lib/armv7e-m\libc_nano.a(lib_a-stdio.o)
                                                  c:/program files (x86)/atmel/studio/7.0/toolchain/arm/arm-gnu-toolchain/bin/../lib/gcc/arm-none-eabi/5.3.1/../../../../arm-none-eabi/lib/armv7e-m\libc_nano.a(lib_a-findfp.o)
__swsetup_r                                       c:/program files (x86)/atmel/studio/7.0/toolchain/arm/arm-gnu-toolchain/bin/../lib/gcc/arm-none-eabi/5.3.1/../../../../arm-none-eabi/lib/armv7e-m\libc_nano.a(lib_a-wsetup.o)
                                                  c:/program files (x86)/atmel/studio/7.0/toolchain/arm/arm-gnu-toolchain/bin/../lib/gcc/arm-none-eabi/5.3.1/../../../../arm-none-eabi/lib/armv7e-m\libc_nano.a(lib_a-fvwrite.o)
                                                  c:/program files (x86)/atmel/studio/7.0/toolchain/arm/arm-gnu-toolchain/bin/../lib/gcc/arm-none-eabi/5.3.1/../../../../arm-none-eabi/lib/armv7e-m\libc_nano.a(lib_a-wbuf.o)
                                                  c:/program files (x86)/atmel/studio/7.0/toolchain/arm/arm-gnu-toolchain/bin/../lib/gcc/arm-none-eabi/5.3.1/../../../../arm-none-eabi/lib/armv7e-m\libc_nano.a(lib_a-nano-vfprintf.o)
_cleanup                                          c:/program files (x86)/atmel/studio/7.0/toolchain/arm/arm-gnu-toolchain/bin/../lib/gcc/arm-none-eabi/5.3.1/../../../../arm-none-eabi/lib/armv7e-m\libc_nano.a(lib_a-findfp.o)
_cleanup_r                                        c:/program files (x86)/atmel/studio/7.0/toolchain/arm/arm-gnu-toolchain/bin/../lib/gcc/arm-none-eabi/5.3.1/../../../../arm-none-eabi/lib/armv7e-m\libc_nano.a(lib_a-findfp.o)
                                                  c:/program files (x86)/atmel/studio/7.0/toolchain/arm/arm-gnu-toolchain/bin/../lib/gcc/arm-none-eabi/5.3.1/../../../../arm-none-eabi/lib/armv7e-m\libc_nano.a(lib_a-makebuf.o)
_close                                            src/ASF/sam/utils/syscalls/gcc/syscalls.o
                                                  c:/program files (x86)/atmel/studio/7.0/toolchain/arm/arm-gnu-toolchain/bin/../lib/gcc/arm-none-eabi/5.3.1/../../../../arm-none-eabi/lib/armv7e-m\libc_nano.a(lib_a-closer.o)
_close_r                                          c:/program files (x86)/atmel/studio/7.0/toolchain/arm/arm-gnu-toolchain/bin/../lib/gcc/arm-none-eabi/5.3.1/../../../../arm-none-eabi/lib/armv7e-m\libc_nano.a(lib_a-closer.o)
                                                  c:/program files (x86)/atmel/studio/7.0/toolchain/arm/arm-gnu-toolchain/bin/../lib/gcc/arm-none-eabi/5.3.1/../../../../arm-none-eabi/lib/armv7e-m\libc_nano.a(lib_a-stdio.o)
_end                                              src/ASF/sam/utils/syscalls/gcc/syscalls.o
_erelocate                                        src/ASF/sam/utils/cmsis/sam4s/source/templates/gcc/startup_sam4s.o
_estack                                           src/ASF/sam/utils/cmsis/sam4s/source/templates/gcc/startup_sam4s.o
_etext                                            src/ASF/sam/utils/cmsis/sam4s/source/templates/gcc/startup_sam4s.o
_exit                                             src/ASF/sam/utils/syscalls/gcc/syscalls.o
                                                  c:/program files (x86)/atmel/studio/7.0/toolchain/arm/arm-gnu-toolchain/bin/../lib/gcc/arm-none-eabi/5.3.1/../../../../arm-none-eabi/lib/armv7e-m\libc_nano.a(lib_a-exit.o)
_ezero                                            src/ASF/sam/utils/cmsis/sam4s/source/templates/gcc/startup_sam4s.o
_fflush_r                                         c:/program files (x86)/atmel/studio/7.0/toolchain/arm/arm-gnu-toolchain/bin/../lib/gcc/arm-none-eabi/5.3.1/../../../../arm-none-eabi/lib/armv7e-m\libc_nano.a(lib_a-fflush.o)
                                                  c:/program files (x86)/atmel/studio/7.0/toolchain/arm/arm-gnu-toolchain/bin/../lib/gcc/arm-none-eabi/5.3.1/../../../../arm-none-eabi/lib/armv7e-m\libc_nano.a(lib_a-fvwrite.o)
                                                  c:/program files (x86)/atmel/studio/7.0/toolchain/arm/arm-gnu-toolchain/bin/../lib/gcc/arm-none-eabi/5.3.1/../../../../arm-none-eabi/lib/armv7e-m\libc_nano.a(lib_a-wbuf.o)
                                                  c:/program files (x86)/atmel/studio/7.0/toolchain/arm/arm-gnu-toolchain/bin/../lib/gcc/arm-none-eabi/5.3.1/../../../../arm-none-eabi/lib/armv7e-m\libc_nano.a(lib_a-findfp.o)
_fini                                             c:/program files (x86)/atmel/studio/7.0/toolchain/arm/arm-gnu-toolchain/bin/../lib/gcc/arm-none-eabi/5.3.1/armv7e-m/crti.o
_free_r                                           c:/program files (x86)/atmel/studio/7.0/toolchain/arm/arm-gnu-toolchain/bin/../lib/gcc/arm-none-eabi/5.3.1/../../../../arm-none-eabi/lib/armv7e-m\libc_nano.a(lib_a-nano-freer.o)
                                                  c:/program files (x86)/atmel/studio/7.0/toolchain/arm/arm-gnu-toolchain/bin/../lib/gcc/arm-none-eabi/5.3.1/../../../../arm-none-eabi/lib/armv7e-m\libc_nano.a(lib_a-nano-reallocr.o)
                                                  c:/program files (x86)/atmel/studio/7.0/toolchain/arm/arm-gnu-toolchain/bin/../lib/gcc/arm-none-eabi/5.3.1/../../../../arm-none-eabi/lib/armv7e-m\libc_nano.a(lib_a-fvwrite.o)
                                                  c:/program files (x86)/atmel/studio/7.0/toolchain/arm/arm-gnu-toolchain/bin/../lib/gcc/arm-none-eabi/5.3.1/../../../../arm-none-eabi/lib/armv7e-m\libc_nano.a(lib_a-fflush.o)
                                                  c:/program files (x86)/atmel/studio/7.0/toolchain/arm/arm-gnu-toolchain/bin/../lib/gcc/arm-none-eabi/5.3.1/../../../../arm-none-eabi/lib/armv7e-m\libc_nano.a(lib_a-wsetup.o)
                                                  c:/program files (x86)/atmel/studio/7.0/toolchain/arm/arm-gnu-toolchain/bin/../lib/gcc/arm-none-eabi/5.3.1/../../../../arm-none-eabi/lib/armv7e-m\libc_nano.a(lib_a-reent.o)
                                                  c:/program files (x86)/atmel/studio/7.0/toolchain/arm/arm-gnu-toolchain/bin/../lib/gcc/arm-none-eabi/5.3.1/../../../../arm-none-eabi/lib/armv7e-m\libc_nano.a(lib_a-malloc.o)
_fstat                                            src/ASF/sam/utils/syscalls/gcc/syscalls.o
                                                  c:/program files (x86)/atmel/studio/7.0/toolchain/arm/arm-gnu-toolchain/bin/../lib/gcc/arm-none-eabi/5.3.1/../../../../arm-none-eabi/lib/armv7e-m\libc_nano.a(lib_a-fstatr.o)
_fstat_r                                          c:/program files (x86)/atmel/studio/7.0/toolchain/arm/arm-gnu-toolchain/bin/../lib/gcc/arm-none-eabi/5.3.1/../../../../arm-none-eabi/lib/armv7e-m\libc_nano.a(lib_a-fstatr.o)
                                                  c:/program files (x86)/atmel/studio/7.0/toolchain/arm/arm-gnu-toolchain/bin/../lib/gcc/arm-none-eabi/5.3.1/../../../../arm-none-eabi/lib/armv7e-m\libc_nano.a(lib_a-makebuf.o)
_fwalk                                            c:/program files (x86)/atmel/studio/7.0/toolchain/arm/arm-gnu-toolchain/bin/../lib/gcc/arm-none-eabi/5.3.1/../../../../arm-none-eabi/lib/armv7e-m\libc_nano.a(lib_a-fwalk.o)
                                                  c:/program files (x86)/atmel/studio/7.0/toolchain/arm/arm-gnu-toolchain/bin/../lib/gcc/arm-none-eabi/5.3.1/../../../../arm-none-eabi/lib/armv7e-m\libc_nano.a(lib_a-findfp.o)
_fwalk_reent                                      c:/program files (x86)/atmel/studio/7.0/toolchain/arm/arm-gnu-toolchain/bin/../lib/gcc/arm-none-eabi/5.3.1/../../../../arm-none-eabi/lib/armv7e-m\libc_nano.a(lib_a-fwalk.o)
                                                  c:/program files (x86)/atmel/studio/7.0/toolchain/arm/arm-gnu-toolchain/bin/../lib/gcc/arm-none-eabi/5.3.1/../../../../arm-none-eabi/lib/armv7e-m\libc_nano.a(lib_a-fflush.o)
                                                  c:/program files (x86)/atmel/studio/7.0/toolchain/arm/arm-gnu-toolchain/bin/../lib/gcc/arm-none-eabi/5.3.1/../../../../arm-none-eabi/lib/armv7e-m\libc_nano.a(lib_a-findfp.o)
_getpid                                           src/ASF/sam/utils/syscalls/gcc/syscalls.o
_global_impure_ptr                                c:/program files (x86)/atmel/studio/7.0/toolchain/arm/arm-gnu-toolchain/bin/../lib/gcc/arm-none-eabi/5.3.1/../../../../arm-none-eabi/lib/armv7e-m\libc_nano.a(lib_a-impure.o)
                                                  c:/program files (x86)/atmel/studio/7.0/toolchain/arm/arm-gnu-toolchain/bin/../lib/gcc/arm-none-eabi/5.3.1/../../../../arm-none-eabi/lib/armv7e-m\libc_nano.a(lib_a-fflush.o)
                                                  c:/program files (x86)/atmel/studio/7.0/toolchain/arm/arm-gnu-toolchain/bin/../lib/gcc/arm-none-eabi/5.3.1/../../../../arm-none-eabi/lib/armv7e-m\libc_nano.a(lib_a-findfp.o)
                                                  c:/program files (x86)/atmel/studio/7.0/toolchain/arm/arm-gnu-toolchain/bin/../lib/gcc/arm-none-eabi/5.3.1/../../../../arm-none-eabi/lib/armv7e-m\libc_nano.a(lib_a-exit.o)
_impure_ptr                                       c:/program files (x86)/atmel/studio/7.0/toolchain/arm/arm-gnu-toolchain/bin/../lib/gcc/arm-none-eabi/5.3.1/../../../../arm-none-eabi/lib/armv7e-m\libc_nano.a(lib_a-impure.o)
                                                  c:/program files (x86)/atmel/studio/7.0/toolchain/arm/arm-gnu-toolchain/bin/../lib/gcc/arm-none-eabi/5.3.1/../../../../arm-none-eabi/lib/armv7e-m\libc_nano.a(lib_a-fflush.o)
                                                  c:/program files (x86)/atmel/studio/7.0/toolchain/arm/arm-gnu-toolchain/bin/../lib/gcc/arm-none-eabi/5.3.1/../../../../arm-none-eabi/lib/armv7e-m\libc_nano.a(lib_a-wsetup.o)
                                                  c:/program files (x86)/atmel/studio/7.0/toolchain/arm/arm-gnu-toolchain/bin/../lib/gcc/arm-none-eabi/5.3.1/../../../../arm-none-eabi/lib/armv7e-m\libc_nano.a(lib_a-wbuf.o)
                                                  c:/program files (x86)/atmel/studio/7.0/toolchain/arm/arm-gnu-toolchain/bin/../lib/gcc/arm-none-eabi/5.3.1/../../../../arm-none-eabi/lib/armv7e-m\libc_nano.a(lib_a-reent.o)
                                                  c:/program files (x86)/atmel/studio/7.0/toolchain/arm/arm-gnu-toolchain/bin/../lib/gcc/arm-none-eabi/5.3.1/../../../../arm-none-eabi/lib/armv7e-m\libc_nano.a(lib_a-nano-vfprintf.o)
                                                  c:/program files (x86)/atmel/studio/7.0/toolchain/arm/arm-gnu-toolchain/bin/../lib/gcc/arm-none-eabi/5.3.1/../../../../arm-none-eabi/lib/armv7e-m\libc_nano.a(lib_a-findfp.o)
                                                  c:/program files (x86)/atmel/studio/7.0/toolchain/arm/arm-gnu-toolchain/bin/../lib/gcc/arm-none-eabi/5.3.1/../../../../arm-none-eabi/lib/armv7e-m\libc_nano.a(lib_a-printf.o)
                                                  c:/program files (x86)/atmel/studio/7.0/toolchain/arm/arm-gnu-toolchain/bin/../lib/gcc/arm-none-eabi/5.3.1/../../../../arm-none-eabi/lib/armv7e-m\libc_nano.a(lib_a-malloc.o)
_init                                             c:/program files (x86)/atmel/studio/7.0/toolchain/arm/arm-gnu-toolchain/bin/../lib/gcc/arm-none-eabi/5.3.1/armv7e-m/crti.o
                                                  c:/program files (x86)/atmel/studio/7.0/toolchain/arm/arm-gnu-toolchain/bin/../lib/gcc/arm-none-eabi/5.3.1/../../../../arm-none-eabi/lib/armv7e-m\libc_nano.a(lib_a-init.o)
_iprintf_r                                        c:/program files (x86)/atmel/studio/7.0/toolchain/arm/arm-gnu-toolchain/bin/../lib/gcc/arm-none-eabi/5.3.1/../../../../arm-none-eabi/lib/armv7e-m\libc_nano.a(lib_a-printf.o)
_isatty                                           src/ASF/sam/utils/syscalls/gcc/syscalls.o
                                                  c:/program files (x86)/atmel/studio/7.0/toolchain/arm/arm-gnu-toolchain/bin/../lib/gcc/arm-none-eabi/5.3.1/../../../../arm-none-eabi/lib/armv7e-m\libc_nano.a(lib_a-isattyr.o)
_isatty_r                                         c:/program files (x86)/atmel/studio/7.0/toolchain/arm/arm-gnu-toolchain/bin/../lib/gcc/arm-none-eabi/5.3.1/../../../../arm-none-eabi/lib/armv7e-m\libc_nano.a(lib_a-isattyr.o)
                                                  c:/program files (x86)/atmel/studio/7.0/toolchain/arm/arm-gnu-toolchain/bin/../lib/gcc/arm-none-eabi/5.3.1/../../../../arm-none-eabi/lib/armv7e-m\libc_nano.a(lib_a-makebuf.o)
_kill                                             src/ASF/sam/utils/syscalls/gcc/syscalls.o
_lseek                                            src/ASF/sam/utils/syscalls/gcc/syscalls.o
                                                  c:/program files (x86)/atmel/studio/7.0/toolchain/arm/arm-gnu-toolchain/bin/../lib/gcc/arm-none-eabi/5.3.1/../../../../arm-none-eabi/lib/armv7e-m\libc_nano.a(lib_a-lseekr.o)
_lseek_r                                          c:/program files (x86)/atmel/studio/7.0/toolchain/arm/arm-gnu-toolchain/bin/../lib/gcc/arm-none-eabi/5.3.1/../../../../arm-none-eabi/lib/armv7e-m\libc_nano.a(lib_a-lseekr.o)
                                                  c:/program files (x86)/atmel/studio/7.0/toolchain/arm/arm-gnu-toolchain/bin/../lib/gcc/arm-none-eabi/5.3.1/../../../../arm-none-eabi/lib/armv7e-m\libc_nano.a(lib_a-stdio.o)
_mainCRTStartup                                   c:/program files (x86)/atmel/studio/7.0/toolchain/arm/arm-gnu-toolchain/bin/../lib/gcc/arm-none-eabi/5.3.1/../../../../arm-none-eabi/lib/armv7e-m/crt0.o
_malloc_r                                         c:/program files (x86)/atmel/studio/7.0/toolchain/arm/arm-gnu-toolchain/bin/../lib/gcc/arm-none-eabi/5.3.1/../../../../arm-none-eabi/lib/armv7e-m\libc_nano.a(lib_a-nano-mallocr.o)
                                                  c:/program files (x86)/atmel/studio/7.0/toolchain/arm/arm-gnu-toolchain/bin/../lib/gcc/arm-none-eabi/5.3.1/../../../../arm-none-eabi/lib/armv7e-m\libc_nano.a(lib_a-nano-reallocr.o)
                                                  c:/program files (x86)/atmel/studio/7.0/toolchain/arm/arm-gnu-toolchain/bin/../lib/gcc/arm-none-eabi/5.3.1/../../../../arm-none-eabi/lib/armv7e-m\libc_nano.a(lib_a-makebuf.o)
                                                  c:/program files (x86)/atmel/studio/7.0/toolchain/arm/arm-gnu-toolchain/bin/../lib/gcc/arm-none-eabi/5.3.1/../../../../arm-none-eabi/lib/armv7e-m\libc_nano.a(lib_a-fvwrite.o)
                                                  c:/program files (x86)/atmel/studio/7.0/toolchain/arm/arm-gnu-toolchain/bin/../lib/gcc/arm-none-eabi/5.3.1/../../../../arm-none-eabi/lib/armv7e-m\libc_nano.a(lib_a-findfp.o)
                                                  c:/program files (x86)/atmel/studio/7.0/toolchain/arm/arm-gnu-toolchain/bin/../lib/gcc/arm-none-eabi/5.3.1/../../../../arm-none-eabi/lib/armv7e-m\libc_nano.a(lib_a-malloc.o)
_malloc_usable_size_r                             c:/program files (x86)/atmel/studio/7.0/toolchain/arm/arm-gnu-toolchain/bin/../lib/gcc/arm-none-eabi/5.3.1/../../../../arm-none-eabi/lib/armv7e-m\libc_nano.a(lib_a-nano-msizer.o)
                                                  c:/program files (x86)/atmel/studio/7.0/toolchain/arm/arm-gnu-toolchain/bin/../lib/gcc/arm-none-eabi/5.3.1/../../../../arm-none-eabi/lib/armv7e-m\libc_nano.a(lib_a-nano-reallocr.o)
_printf_common                                    c:/program files (x86)/atmel/studio/7.0/toolchain/arm/arm-gnu-toolchain/bin/../lib/gcc/arm-none-eabi/5.3.1/../../../../arm-none-eabi/lib/armv7e-m\libc_nano.a(lib_a-nano-vfprintf_i.o)
_printf_float                                     c:/program files (x86)/atmel/studio/7.0/toolchain/arm/arm-gnu-toolchain/bin/../lib/gcc/arm-none-eabi/5.3.1/../../../../arm-none-eabi/lib/armv7e-m\libc_nano.a(lib_a-nano-vfprintf.o)
_printf_i                                         c:/program files (x86)/atmel/studio/7.0/toolchain/arm/arm-gnu-toolchain/bin/../lib/gcc/arm-none-eabi/5.3.1/../../../../arm-none-eabi/lib/armv7e-m\libc_nano.a(lib_a-nano-vfprintf_i.o)
                                                  c:/program files (x86)/atmel/studio/7.0/toolchain/arm/arm-gnu-toolchain/bin/../lib/gcc/arm-none-eabi/5.3.1/../../../../arm-none-eabi/lib/armv7e-m\libc_nano.a(lib_a-nano-vfprintf.o)
_printf_r                                         c:/program files (x86)/atmel/studio/7.0/toolchain/arm/arm-gnu-toolchain/bin/../lib/gcc/arm-none-eabi/5.3.1/../../../../arm-none-eabi/lib/armv7e-m\libc_nano.a(lib_a-printf.o)
_read                                             c:/program files (x86)/atmel/studio/7.0/toolchain/arm/arm-gnu-toolchain/bin/../lib/gcc/arm-none-eabi/5.3.1/../../../../arm-none-eabi/lib/armv7e-m\libc_nano.a(lib_a-readr.o)
_read_r                                           c:/program files (x86)/atmel/studio/7.0/toolchain/arm/arm-gnu-toolchain/bin/../lib/gcc/arm-none-eabi/5.3.1/../../../../arm-none-eabi/lib/armv7e-m\libc_nano.a(lib_a-readr.o)
                                                  c:/program files (x86)/atmel/studio/7.0/toolchain/arm/arm-gnu-toolchain/bin/../lib/gcc/arm-none-eabi/5.3.1/../../../../arm-none-eabi/lib/armv7e-m\libc_nano.a(lib_a-stdio.o)
_realloc_r                                        c:/program files (x86)/atmel/studio/7.0/toolchain/arm/arm-gnu-toolchain/bin/../lib/gcc/arm-none-eabi/5.3.1/../../../../arm-none-eabi/lib/armv7e-m\libc_nano.a(lib_a-nano-reallocr.o)
                                                  c:/program files (x86)/atmel/studio/7.0/toolchain/arm/arm-gnu-toolchain/bin/../lib/gcc/arm-none-eabi/5.3.1/../../../../arm-none-eabi/lib/armv7e-m\libc_nano.a(lib_a-fvwrite.o)
_reclaim_reent                                    c:/program files (x86)/atmel/studio/7.0/toolchain/arm/arm-gnu-toolchain/bin/../lib/gcc/arm-none-eabi/5.3.1/../../../../arm-none-eabi/lib/armv7e-m\libc_nano.a(lib_a-reent.o)
_sbrk                                             src/ASF/sam/utils/syscalls/gcc/syscalls.o
                                                  c:/program files (x86)/atmel/studio/7.0/toolchain/arm/arm-gnu-toolchain/bin/../lib/gcc/arm-none-eabi/5.3.1/../../../../arm-none-eabi/lib/armv7e-m\libc_nano.a(lib_a-sbrkr.o)
_sbrk_r                                           c:/program files (x86)/atmel/studio/7.0/toolchain/arm/arm-gnu-toolchain/bin/../lib/gcc/arm-none-eabi/5.3.1/../../../../arm-none-eabi/lib/armv7e-m\libc_nano.a(lib_a-sbrkr.o)
                                                  c:/program files (x86)/atmel/studio/7.0/toolchain/arm/arm-gnu-toolchain/bin/../lib/gcc/arm-none-eabi/5.3.1/../../../../arm-none-eabi/lib/armv7e-m\libc_nano.a(lib_a-nano-mallocr.o)
_sfixed                                           src/ASF/sam/utils/cmsis/sam4s/source/templates/gcc/startup_sam4s.o
_srelocate                                        src/ASF/sam/utils/cmsis/sam4s/source/templates/gcc/startup_sam4s.o
_start                                            c:/program files (x86)/atmel/studio/7.0/toolchain/arm/arm-gnu-toolchain/bin/../lib/gcc/arm-none-eabi/5.3.1/../../../../arm-none-eabi/lib/armv7e-m/crt0.o
_szero                                            src/ASF/sam/utils/cmsis/sam4s/source/templates/gcc/startup_sam4s.o
_vfiprintf_r                                      c:/program files (x86)/atmel/studio/7.0/toolchain/arm/arm-gnu-toolchain/bin/../lib/gcc/arm-none-eabi/5.3.1/../../../../arm-none-eabi/lib/armv7e-m\libc_nano.a(lib_a-nano-vfprintf.o)
_vfprintf_r                                       c:/program files (x86)/atmel/studio/7.0/toolchain/arm/arm-gnu-toolchain/bin/../lib/gcc/arm-none-eabi/5.3.1/../../../../arm-none-eabi/lib/armv7e-m\libc_nano.a(lib_a-nano-vfprintf.o)
                                                  c:/program files (x86)/atmel/studio/7.0/toolchain/arm/arm-gnu-toolchain/bin/../lib/gcc/arm-none-eabi/5.3.1/../../../../arm-none-eabi/lib/armv7e-m\libc_nano.a(lib_a-printf.o)
_write                                            c:/program files (x86)/atmel/studio/7.0/toolchain/arm/arm-gnu-toolchain/bin/../lib/gcc/arm-none-eabi/5.3.1/../../../../arm-none-eabi/lib/armv7e-m\libc_nano.a(lib_a-writer.o)
_write_r                                          c:/program files (x86)/atmel/studio/7.0/toolchain/arm/arm-gnu-toolchain/bin/../lib/gcc/arm-none-eabi/5.3.1/../../../../arm-none-eabi/lib/armv7e-m\libc_nano.a(lib_a-writer.o)
                                                  c:/program files (x86)/atmel/studio/7.0/toolchain/arm/arm-gnu-toolchain/bin/../lib/gcc/arm-none-eabi/5.3.1/../../../../arm-none-eabi/lib/armv7e-m\libc_nano.a(lib_a-stdio.o)
atexit                                            c:/program files (x86)/atmel/studio/7.0/toolchain/arm/arm-gnu-toolchain/bin/../lib/gcc/arm-none-eabi/5.3.1/../../../../arm-none-eabi/lib/armv7e-m/crt0.o
board_init                                        src/ASF/common/boards/user_board/init.o
callback_vendor_disable                           src/main.o
                                                  src/ASF/common/services/usb/class/vendor/device/udi_vendor.o
callback_vendor_enable                            src/main.o
                                                  src/ASF/common/services/usb/class/vendor/device/udi_vendor.o
cleanup_glue                                      c:/program files (x86)/atmel/studio/7.0/toolchain/arm/arm-gnu-toolchain/bin/../lib/gcc/arm-none-eabi/5.3.1/../../../../arm-none-eabi/lib/armv7e-m\libc_nano.a(lib_a-reent.o)
cpu_irq_enter_critical                            src/ASF/common/utils/interrupt/interrupt_sam_nvic.o
                                                  src/main.o
cpu_irq_leave_critical                            src/ASF/common/utils/interrupt/interrupt_sam_nvic.o
                                                  src/main.o
dac_init                                          src/main.o
dacc_disable_channel                              src/ASF/sam/drivers/dacc/dacc.o
dacc_disable_interrupt                            src/ASF/sam/drivers/dacc/dacc.o
dacc_disable_trigger                              src/ASF/sam/drivers/dacc/dacc.o
dacc_enable_channel                               src/ASF/sam/drivers/dacc/dacc.o
                                                  src/main.o
dacc_enable_flexible_selection                    src/ASF/sam/drivers/dacc/dacc.o
dacc_enable_interrupt                             src/ASF/sam/drivers/dacc/dacc.o
dacc_get_analog_control                           src/ASF/sam/drivers/dacc/dacc.o
dacc_get_channel_status                           src/ASF/sam/drivers/dacc/dacc.o
dacc_get_interrupt_mask                           src/ASF/sam/drivers/dacc/dacc.o
dacc_get_interrupt_status                         src/ASF/sam/drivers/dacc/dacc.o
                                                  src/main.o
dacc_get_pdc_base                                 src/ASF/sam/drivers/dacc/dacc.o
dacc_get_writeprotect_status                      src/ASF/sam/drivers/dacc/dacc.o
dacc_reset                                        src/ASF/sam/drivers/dacc/dacc.o
                                                  src/main.o
dacc_set_analog_control                           src/ASF/sam/drivers/dacc/dacc.o
dacc_set_channel_selection                        src/ASF/sam/drivers/dacc/dacc.o
                                                  src/main.o
dacc_set_timing                                   src/ASF/sam/drivers/dacc/dacc.o
dacc_set_transfer_mode                            src/ASF/sam/drivers/dacc/dacc.o
                                                  src/main.o
dacc_set_trigger                                  src/ASF/sam/drivers/dacc/dacc.o
dacc_set_writeprotect                             src/ASF/sam/drivers/dacc/dacc.o
dacc_write_conversion_data                        src/ASF/sam/drivers/dacc/dacc.o
                                                  src/main.o
efc_disable_cloe                                  src/ASF/sam/drivers/efc/efc.o
efc_disable_frdy_interrupt                        src/ASF/sam/drivers/efc/efc.o
efc_enable_cloe                                   src/ASF/sam/drivers/efc/efc.o
efc_enable_frdy_interrupt                         src/ASF/sam/drivers/efc/efc.o
efc_get_flash_access_mode                         src/ASF/sam/drivers/efc/efc.o
efc_get_result                                    src/ASF/sam/drivers/efc/efc.o
                                                  src/ASF/sam/services/flash_efc/flash_efc.o
efc_get_status                                    src/ASF/sam/drivers/efc/efc.o
efc_get_wait_state                                src/ASF/sam/drivers/efc/efc.o
                                                  src/ASF/sam/services/flash_efc/flash_efc.o
efc_init                                          src/ASF/sam/drivers/efc/efc.o
                                                  src/ASF/sam/services/flash_efc/flash_efc.o
efc_perform_command                               src/ASF/sam/drivers/efc/efc.o
                                                  src/ASF/sam/services/flash_efc/flash_efc.o
efc_perform_fcr                                   src/ASF/sam/drivers/efc/efc.o
efc_perform_read_sequence                         src/ASF/sam/drivers/efc/efc.o
                                                  src/ASF/sam/services/flash_efc/flash_efc.o
efc_set_flash_access_mode                         src/ASF/sam/drivers/efc/efc.o
efc_set_wait_state                                src/ASF/sam/drivers/efc/efc.o
                                                  src/ASF/sam/services/flash_efc/flash_efc.o
efc_write_fmr                                     src/ASF/sam/drivers/efc/efc.o
errno                                             c:/program files (x86)/atmel/studio/7.0/toolchain/arm/arm-gnu-toolchain/bin/../lib/gcc/arm-none-eabi/5.3.1/../../../../arm-none-eabi/lib/armv7e-m\libc_nano.a(lib_a-reent.o)
                                                  c:/program files (x86)/atmel/studio/7.0/toolchain/arm/arm-gnu-toolchain/bin/../lib/gcc/arm-none-eabi/5.3.1/../../../../arm-none-eabi/lib/armv7e-m\libc_nano.a(lib_a-isattyr.o)
                                                  c:/program files (x86)/atmel/studio/7.0/toolchain/arm/arm-gnu-toolchain/bin/../lib/gcc/arm-none-eabi/5.3.1/../../../../arm-none-eabi/lib/armv7e-m\libc_nano.a(lib_a-fstatr.o)
                                                  c:/program files (x86)/atmel/studio/7.0/toolchain/arm/arm-gnu-toolchain/bin/../lib/gcc/arm-none-eabi/5.3.1/../../../../arm-none-eabi/lib/armv7e-m\libc_nano.a(lib_a-readr.o)
                                                  c:/program files (x86)/atmel/studio/7.0/toolchain/arm/arm-gnu-toolchain/bin/../lib/gcc/arm-none-eabi/5.3.1/../../../../arm-none-eabi/lib/armv7e-m\libc_nano.a(lib_a-lseekr.o)
                                                  c:/program files (x86)/atmel/studio/7.0/toolchain/arm/arm-gnu-toolchain/bin/../lib/gcc/arm-none-eabi/5.3.1/../../../../arm-none-eabi/lib/armv7e-m\libc_nano.a(lib_a-closer.o)
                                                  c:/program files (x86)/atmel/studio/7.0/toolchain/arm/arm-gnu-toolchain/bin/../lib/gcc/arm-none-eabi/5.3.1/../../../../arm-none-eabi/lib/armv7e-m\libc_nano.a(lib_a-writer.o)
                                                  c:/program files (x86)/atmel/studio/7.0/toolchain/arm/arm-gnu-toolchain/bin/../lib/gcc/arm-none-eabi/5.3.1/../../../../arm-none-eabi/lib/armv7e-m\libc_nano.a(lib_a-sbrkr.o)
exception_table                                   src/ASF/sam/utils/cmsis/sam4s/source/templates/gcc/startup_sam4s.o
exit                                              c:/program files (x86)/atmel/studio/7.0/toolchain/arm/arm-gnu-toolchain/bin/../lib/gcc/arm-none-eabi/5.3.1/../../../../arm-none-eabi/lib/armv7e-m\libc_nano.a(lib_a-exit.o)
                                                  c:/program files (x86)/atmel/studio/7.0/toolchain/arm/arm-gnu-toolchain/bin/../lib/gcc/arm-none-eabi/5.3.1/../../../../arm-none-eabi/lib/armv7e-m/crt0.o
fflush                                            c:/program files (x86)/atmel/studio/7.0/toolchain/arm/arm-gnu-toolchain/bin/../lib/gcc/arm-none-eabi/5.3.1/../../../../arm-none-eabi/lib/armv7e-m\libc_nano.a(lib_a-fflush.o)
flash_clear_gpnvm                                 src/ASF/sam/services/flash_efc/flash_efc.o
                                                  src/main.o
flash_enable_security_bit                         src/ASF/sam/services/flash_efc/flash_efc.o